Component: ARM Compiler 5.06 update 4 (build 422) Tool: armlink [4d35d2]

==============================================================================

Section Cross References

    main.o(i.CAN_SignalObjectEvent1) refers to led_f429discovery.o(i.LED_On) for LED_On
    main.o(i.CAN_SignalObjectEvent1) refers to led_f429discovery.o(i.LED_Off) for LED_Off
    main.o(i.CAN_SignalObjectEvent1) refers to main.o(.data) for rx_obj_idx1
    main.o(i.CAN_SignalObjectEvent1) refers to can_stm32f4xx.o(.constdata) for Driver_CAN1
    main.o(i.CAN_SignalObjectEvent2) refers to led_f429discovery.o(i.LED_On) for LED_On
    main.o(i.CAN_SignalObjectEvent2) refers to led_f429discovery.o(i.LED_Off) for LED_Off
    main.o(i.CAN_SignalObjectEvent2) refers to main.o(.data) for rx_obj_idx2
    main.o(i.CAN_SignalObjectEvent2) refers to can_stm32f4xx.o(.constdata) for Driver_CAN1
    main.o(i.Init_CAN1) refers to main.o(i.Error_Handler) for Error_Handler
    main.o(i.Init_CAN1) refers to can_stm32f4xx.o(.constdata) for Driver_CAN1
    main.o(i.Init_CAN1) refers to main.o(i.CAN_SignalObjectEvent1) for CAN_SignalObjectEvent1
    main.o(i.Init_CAN1) refers to main.o(i.CAN_SignalUnitEvent1) for CAN_SignalUnitEvent1
    main.o(i.Init_CAN1) refers to main.o(.data) for rx_obj_idx1
    main.o(i.Init_CAN2) refers to main.o(i.Error_Handler) for Error_Handler
    main.o(i.Init_CAN2) refers to can_stm32f4xx.o(.constdata) for Driver_CAN2
    main.o(i.Init_CAN2) refers to main.o(i.CAN_SignalObjectEvent2) for CAN_SignalObjectEvent2
    main.o(i.Init_CAN2) refers to main.o(i.CAN_SignalUnitEvent2) for CAN_SignalUnitEvent2
    main.o(i.Init_CAN2) refers to main.o(.data) for rx_obj_idx2
    main.o(i.SystemClock_Config) refers to stm32f4xx_hal_rcc.o(i.HAL_RCC_OscConfig) for HAL_RCC_OscConfig
    main.o(i.SystemClock_Config) refers to main.o(i.Error_Handler) for Error_Handler
    main.o(i.SystemClock_Config) refers to stm32f4xx_hal_rcc.o(i.HAL_RCC_ClockConfig) for HAL_RCC_ClockConfig
    main.o(i.SystemClock_Config) refers to stm32f4xx_hal.o(i.HAL_GetREVID) for HAL_GetREVID
    main.o(i.main) refers to stm32f4xx_hal.o(i.HAL_Init) for HAL_Init
    main.o(i.main) refers to main.o(i.Init_CAN1) for Init_CAN1
    main.o(i.main) refers to main.o(i.Init_CAN2) for Init_CAN2
    main.o(i.main) refers to main.o(i.SystemClock_Config) for SystemClock_Config
    main.o(i.main) refers to buttons_f429discovery.o(i.Buttons_GetState) for Buttons_GetState
    main.o(i.main) refers to led_f429discovery.o(i.LED_On) for LED_On
    main.o(i.main) refers to led_f429discovery.o(i.LED_Off) for LED_Off
    main.o(i.main) refers to main.o(i.Error_Handler) for Error_Handler
    main.o(i.main) refers to stm32f4xx_hal.o(i.HAL_Delay) for HAL_Delay
    main.o(i.main) refers to main.o(.data) for tx_msg_info
    main.o(i.main) refers to can_stm32f4xx.o(.constdata) for Driver_CAN2
    stm32f4xx_it.o(i.SysTick_Handler) refers to stm32f4xx_hal.o(i.HAL_IncTick) for HAL_IncTick
    stm32f4xx_hal_msp.o(i.HAL_MspDeInit) refers to buttons_f429discovery.o(i.Buttons_Uninitialize) for Buttons_Uninitialize
    stm32f4xx_hal_msp.o(i.HAL_MspDeInit) refers to led_f429discovery.o(i.LED_Uninitialize) for LED_Uninitialize
    stm32f4xx_hal_msp.o(i.HAL_MspInit) refers to buttons_f429discovery.o(i.Buttons_Initialize) for Buttons_Initialize
    stm32f4xx_hal_msp.o(i.HAL_MspInit) refers to led_f429discovery.o(i.LED_Initialize) for LED_Initialize
    buttons_f429discovery.o(i.Buttons_GetState) refers to stm32f4xx_hal_gpio.o(i.HAL_GPIO_ReadPin) for HAL_GPIO_ReadPin
    buttons_f429discovery.o(i.Buttons_Initialize) refers to stm32f4xx_hal_gpio.o(i.HAL_GPIO_Init) for HAL_GPIO_Init
    buttons_f429discovery.o(i.Buttons_Uninitialize) refers to stm32f4xx_hal_gpio.o(i.HAL_GPIO_DeInit) for HAL_GPIO_DeInit
    led_f429discovery.o(i.LED_Initialize) refers to stm32f4xx_hal_gpio.o(i.HAL_GPIO_Init) for HAL_GPIO_Init
    led_f429discovery.o(i.LED_Off) refers to stm32f4xx_hal_gpio.o(i.HAL_GPIO_WritePin) for HAL_GPIO_WritePin
    led_f429discovery.o(i.LED_Off) refers to led_f429discovery.o(.constdata) for LED_PIN
    led_f429discovery.o(i.LED_On) refers to stm32f4xx_hal_gpio.o(i.HAL_GPIO_WritePin) for HAL_GPIO_WritePin
    led_f429discovery.o(i.LED_On) refers to led_f429discovery.o(.constdata) for LED_PIN
    led_f429discovery.o(i.LED_SetOut) refers to led_f429discovery.o(i.LED_On) for LED_On
    led_f429discovery.o(i.LED_SetOut) refers to led_f429discovery.o(i.LED_Off) for LED_Off
    led_f429discovery.o(i.LED_Uninitialize) refers to stm32f4xx_hal_gpio.o(i.HAL_GPIO_DeInit) for HAL_GPIO_DeInit
    can_stm32f4xx.o(i.CAN1_Control) refers to can_stm32f4xx.o(i.CANx_Control) for CANx_Control
    can_stm32f4xx.o(i.CAN1_GetStatus) refers to can_stm32f4xx.o(i.CANx_GetStatus) for CANx_GetStatus
    can_stm32f4xx.o(i.CAN1_Initialize) refers to can_stm32f4xx.o(i.CANx_Initialize) for CANx_Initialize
    can_stm32f4xx.o(i.CAN1_MessageRead) refers to can_stm32f4xx.o(i.CANx_MessageRead) for CANx_MessageRead
[...]
    libshutdown.o(.ARM.Collect$$libshutdown$$00000000) refers (Special) to libshutdown2.o(.ARM.Collect$$libshutdown$$00000010) for __rt_lib_shutdown_return
    libshutdown.o(.ARM.Collect$$libshutdown$$00000000) refers (Special) to libshutdown2.o(.ARM.Collect$$libshutdown$$0000000A) for __rt_lib_shutdown_signal_1
    libshutdown.o(.ARM.Collect$$libshutdown$$00000000) refers (Special) to libshutdown2.o(.ARM.Collect$$libshutdown$$00000004) for __rt_lib_shutdown_stdio_1
    libshutdown.o(.ARM.Collect$$libshutdown$$00000000) refers (Special) to libshutdown2.o(.ARM.Collect$$libshutdown$$0000000C) for __rt_lib_shutdown_user_alloc_1
    sys_command.o(.text) refers (Special) to use_no_semi.o(.text) for __I$use$semihosting
    sys_command.o(.text) refers (Special) to indicate_semi.o(.text) for __semihosting_library_function
    defsig_rtmem_outer.o(.text) refers to defsig_rtmem_inner.o(.text) for __rt_SIGRTMEM_inner
    defsig_rtmem_outer.o(.text) refers to defsig_exit.o(.text) for __sig_exit
    defsig_rtmem_formal.o(.text) refers to rt_raise.o(.text) for __rt_raise
    rt_raise.o(.text) refers to __raise.o(.text) for __raise
    rt_raise.o(.text) refers to sys_exit.o(.text) for _sys_exit
    defsig_exit.o(.text) refers to sys_exit.o(.text) for _sys_exit
    defsig_rtmem_inner.o(.text) refers to defsig_general.o(.text) for __default_signal_display
    __raise.o(.text) refers to defsig.o(CL$$defsig) for __default_signal_handler
    defsig_general.o(.text) refers to sys_wrch.o(.text) for _ttywrch
    sys_wrch.o(.text) refers (Special) to use_no_semi.o(.text) for __I$use$semihosting
    sys_wrch.o(.text) refers (Special) to indicate_semi.o(.text) for __semihosting_library_function
    defsig.o(CL$$defsig) refers to defsig_rtmem_inner.o(.text) for __rt_SIGRTMEM_inner
    defsig_abrt_inner.o(.text) refers to defsig_general.o(.text) for __default_signal_display
    defsig_fpe_inner.o(.text) refers to defsig_general.o(.text) for __default_signal_display
    defsig_rtred_inner.o(.text) refers to defsig_general.o(.text) for __default_signal_display
    defsig_stak_inner.o(.text) refers to defsig_general.o(.text) for __default_signal_display
    defsig_pvfn_inner.o(.text) refers to defsig_general.o(.text) for __default_signal_display
    defsig_cppl_inner.o(.text) refers to defsig_general.o(.text) for __default_signal_display
    defsig_segv_inner.o(.text) refers to defsig_general.o(.text) for __default_signal_display
    defsig_other.o(.text) refers to defsig_general.o(.text) for __default_signal_display


==============================================================================

Removing Unused input sections from the image.

    Removing main.o(.rev16_text), (4 bytes).
    Removing main.o(.revsh_text), (4 bytes).
    Removing main.o(.rrx_text), (6 bytes).
    Removing stm32f4xx_it.o(.rev16_text), (4 bytes).
    Removing stm32f4xx_it.o(.revsh_text), (4 bytes).
    Removing stm32f4xx_it.o(.rrx_text), (6 bytes).
    Removing stm32f4xx_hal_msp.o(.rev16_text), (4 bytes).
    Removing stm32f4xx_hal_msp.o(.revsh_text), (4 bytes).
    Removing stm32f4xx_hal_msp.o(.rrx_text), (6 bytes).
    Removing stm32f4xx_hal_msp.o(i.HAL_MspDeInit), (12 bytes).
    Removing buttons_f429discovery.o(.rev16_text), (4 bytes).
    Removing buttons_f429discovery.o(.revsh_text), (4 bytes).
    Removing buttons_f429discovery.o(.rrx_text), (6 bytes).
    Removing buttons_f429discovery.o(i.Buttons_GetCount), (4 bytes).
    Removing buttons_f429discovery.o(i.Buttons_Uninitialize), (20 bytes).
    Removing led_f429discovery.o(.rev16_text), (4 bytes).
    Removing led_f429discovery.o(.revsh_text), (4 bytes).
    Removing led_f429discovery.o(.rrx_text), (6 bytes).
    Removing led_f429discovery.o(i.LED_GetCount), (4 bytes).
    Removing led_f429discovery.o(i.LED_SetOut), (40 bytes).
    Removing led_f429discovery.o(i.LED_Uninitialize), (20 bytes).
    Removing can_stm32f4xx.o(.rev16_text), (4 bytes).
    Removing can_stm32f4xx.o(.revsh_text), (4 bytes).
    Removing can_stm32f4xx.o(.rrx_text), (6 bytes).
    Removing stm32f4xx_hal.o(.rev16_text), (4 bytes).
    Removing stm32f4xx_hal.o(.revsh_text), (4 bytes).
    Removing stm32f4xx_hal.o(.rrx_text), (6 bytes).
    Removing stm32f4xx_hal.o(i.HAL_DBGMCU_DisableDBGSleepMode), (20 bytes).
    Removing stm32f4xx_hal.o(i.HAL_DBGMCU_DisableDBGStandbyMode), (20 bytes).
    Removing stm32f4xx_hal.o(i.HAL_DBGMCU_DisableDBGStopMode), (20 bytes).
    Removing stm32f4xx_hal.o(i.HAL_DBGMCU_EnableDBGSleepMode), (20 bytes).
    Removing stm32f4xx_hal.o(i.HAL_DBGMCU_EnableDBGStandbyMode), (20 bytes).
    Removing stm32f4xx_hal.o(i.HAL_DBGMCU_EnableDBGStopMode), (20 bytes).
    Removing stm32f4xx_hal.o(i.HAL_DeInit), (68 bytes).
    Removing stm32f4xx_hal.o(i.HAL_DisableCompensationCell), (28 bytes).
    Removing stm32f4xx_hal.o(i.HAL_DisableMemorySwappingBank), (28 bytes).
    Removing stm32f4xx_hal.o(i.HAL_EnableCompensationCell), (28 bytes).
    Removing stm32f4xx_hal.o(i.HAL_EnableMemorySwappingBank), (24 bytes).
    Removing stm32f4xx_hal.o(i.HAL_GetDEVID), (16 bytes).
    Removing stm32f4xx_hal.o(i.HAL_GetHalVersion), (8 bytes).
    Removing stm32f4xx_hal.o(i.HAL_MspDeInit), (2 bytes).
    Removing stm32f4xx_hal.o(i.HAL_MspInit), (2 bytes).
    Removing stm32f4xx_hal.o(i.HAL_ResumeTick), (18 bytes).
    Removing stm32f4xx_hal.o(i.HAL_SuspendTick), (18 bytes).
    Removing stm32f4xx_hal_cortex.o(.rev16_text), (4 bytes).
    Removing stm32f4xx_hal_cortex.o(.revsh_text), (4 bytes).
    Removing stm32f4xx_hal_cortex.o(.rrx_text), (6 bytes).
    Removing stm32f4xx_hal_cortex.o(i.HAL_MPU_ConfigRegion), (92 bytes).
    Removing stm32f4xx_hal_cortex.o(i.HAL_NVIC_ClearPendingIRQ), (36 bytes).
    Removing stm32f4xx_hal_cortex.o(i.HAL_NVIC_DisableIRQ), (36 bytes).
    Removing stm32f4xx_hal_cortex.o(i.HAL_NVIC_EnableIRQ), (32 bytes).
    Removing stm32f4xx_hal_cortex.o(i.HAL_NVIC_GetActive), (48 bytes).
    Removing stm32f4xx_hal_cortex.o(i.HAL_NVIC_GetPendingIRQ), (48 bytes).
    Removing stm32f4xx_hal_cortex.o(i.HAL_NVIC_GetPriority), (148 bytes).
    Removing stm32f4xx_hal_cortex.o(i.HAL_NVIC_GetPriorityGrouping), (8 bytes).
    Removing stm32f4xx_hal_cortex.o(i.HAL_NVIC_SetPendingIRQ), (36 bytes).
    Removing stm32f4xx_hal_cortex.o(i.HAL_NVIC_SystemReset), (68 bytes).
    Removing stm32f4xx_hal_cortex.o(i.HAL_SYSTICK_CLKSourceConfig), (40 bytes).
    Removing stm32f4xx_hal_cortex.o(i.HAL_SYSTICK_Callback), (2 bytes).
    Removing stm32f4xx_hal_cortex.o(i.HAL_SYSTICK_IRQHandler), (8 bytes).
    Removing stm32f4xx_hal_gpio.o(.rev16_text), (4 bytes).
    Removing stm32f4xx_hal_gpio.o(.revsh_text), (4 bytes).
    Removing stm32f4xx_hal_gpio.o(.rrx_text), (6 bytes).
    Removing stm32f4xx_hal_gpio.o(i.HAL_GPIO_DeInit), (384 bytes).
    Removing stm32f4xx_hal_gpio.o(i.HAL_GPIO_EXTI_Callback), (2 bytes).
    Removing stm32f4xx_hal_gpio.o(i.HAL_GPIO_EXTI_IRQHandler), (28 bytes).
    Removing stm32f4xx_hal_gpio.o(i.HAL_GPIO_LockPin), (46 bytes).
    Removing stm32f4xx_hal_gpio.o(i.HAL_GPIO_TogglePin), (8 bytes).
    Removing stm32f4xx_hal_pwr.o(.rev16_text), (4 bytes).
    Removing stm32f4xx_hal_pwr.o(.revsh_text), (4 bytes).
    Removing stm32f4xx_hal_pwr.o(.rrx_text), (6 bytes).
    Removing stm32f4xx_hal_pwr.o(i.HAL_PWR_ConfigPVD), (180 bytes).
    Removing stm32f4xx_hal_pwr.o(i.HAL_PWR_DeInit), (28 bytes).
    Removing stm32f4xx_hal_pwr.o(i.HAL_PWR_DisableBkUpAccess), (28 bytes).
    Removing stm32f4xx_hal_pwr.o(i.HAL_PWR_DisablePVD), (24 bytes).
    Removing stm32f4xx_hal_pwr.o(i.HAL_PWR_DisableSEVOnPend), (20 bytes).
    Removing stm32f4xx_hal_pwr.o(i.HAL_PWR_DisableSleepOnExit), (20 bytes).
    Removing stm32f4xx_hal_pwr.o(i.HAL_PWR_DisableWakeUpPin), (16 bytes).
    Removing stm32f4xx_hal_pwr.o(i.HAL_PWR_EnableBkUpAccess), (24 bytes).
    Removing stm32f4xx_hal_pwr.o(i.HAL_PWR_EnablePVD), (24 bytes).
    Removing stm32f4xx_hal_pwr.o(i.HAL_PWR_EnableSEVOnPend), (20 bytes).
    Removing stm32f4xx_hal_pwr.o(i.HAL_PWR_EnableSleepOnExit), (20 bytes).
    Removing stm32f4xx_hal_pwr.o(i.HAL_PWR_EnableWakeUpPin), (16 bytes).
    Removing stm32f4xx_hal_pwr.o(i.HAL_PWR_EnterSLEEPMode), (32 bytes).
    Removing stm32f4xx_hal_pwr.o(i.HAL_PWR_EnterSTANDBYMode), (40 bytes).
    Removing stm32f4xx_hal_pwr.o(i.HAL_PWR_EnterSTOPMode), (64 bytes).
    Removing stm32f4xx_hal_pwr.o(i.HAL_PWR_PVDCallback), (2 bytes).
    Removing stm32f4xx_hal_pwr.o(i.HAL_PWR_PVD_IRQHandler), (32 bytes).
    Removing stm32f4xx_hal_pwr_ex.o(.rev16_text), (4 bytes).
    Removing stm32f4xx_hal_pwr_ex.o(.revsh_text), (4 bytes).
    Removing stm32f4xx_hal_pwr_ex.o(.rrx_text), (6 bytes).
    Removing stm32f4xx_hal_pwr_ex.o(i.HAL_PWREx_ControlVoltageScaling), (228 bytes).
    Removing stm32f4xx_hal_pwr_ex.o(i.HAL_PWREx_DisableBkUpReg), (76 bytes).
    Removing stm32f4xx_hal_pwr_ex.o(i.HAL_PWREx_DisableFlashPowerDown), (28 bytes).
    Removing stm32f4xx_hal_pwr_ex.o(i.HAL_PWREx_DisableOverDrive), (168 bytes).
    Removing stm32f4xx_hal_pwr_ex.o(i.HAL_PWREx_EnableBkUpReg), (76 bytes).
    Removing stm32f4xx_hal_pwr_ex.o(i.HAL_PWREx_EnableFlashPowerDown), (24 bytes).
    Removing stm32f4xx_hal_pwr_ex.o(i.HAL_PWREx_EnableOverDrive), (164 bytes).
    Removing stm32f4xx_hal_pwr_ex.o(i.HAL_PWREx_EnterUnderDriveSTOPMode), (168 bytes).
    Removing stm32f4xx_hal_pwr_ex.o(i.HAL_PWREx_GetVoltageRange), (16 bytes).
    Removing stm32f4xx_hal_rcc.o(.rev16_text), (4 bytes).
    Removing stm32f4xx_hal_rcc.o(.revsh_text), (4 bytes).
    Removing stm32f4xx_hal_rcc.o(.rrx_text), (6 bytes).
    Removing stm32f4xx_hal_rcc.o(i.HAL_RCC_CSSCallback), (2 bytes).
    Removing stm32f4xx_hal_rcc.o(i.HAL_RCC_DeInit), (2 bytes).
    Removing stm32f4xx_hal_rcc.o(i.HAL_RCC_DisableCSS), (12 bytes).
    Removing stm32f4xx_hal_rcc.o(i.HAL_RCC_EnableCSS), (12 bytes).
    Removing stm32f4xx_hal_rcc.o(i.HAL_RCC_GetClockConfig), (68 bytes).
    Removing stm32f4xx_hal_rcc.o(i.HAL_RCC_GetOscConfig), (292 bytes).
    Removing stm32f4xx_hal_rcc.o(i.HAL_RCC_GetPCLK2Freq), (44 bytes).
    Removing stm32f4xx_hal_rcc.o(i.HAL_RCC_MCOConfig), (192 bytes).
    Removing stm32f4xx_hal_rcc.o(i.HAL_RCC_NMI_IRQHandler), (32 bytes).
    Removing stm32f4xx_hal_rcc_ex.o(.rev16_text), (4 bytes).
    Removing stm32f4xx_hal_rcc_ex.o(.revsh_text), (4 bytes).
    Removing stm32f4xx_hal_rcc_ex.o(.rrx_text), (6 bytes).
    Removing stm32f4xx_hal_rcc_ex.o(i.HAL_RCCEx_GetPeriphCLKConfig), (268 bytes).
    Removing stm32f4xx_hal_rcc_ex.o(i.HAL_RCCEx_PeriphCLKConfig), (880 bytes).
    Removing stm32f4xx_hal_rcc_ex.o(i.HAL_RCC_DeInit), (128 bytes).
    Removing system_stm32f4xx.o(.rev16_text), (4 bytes).
    Removing system_stm32f4xx.o(.revsh_text), (4 bytes).
    Removing system_stm32f4xx.o(.rrx_text), (6 bytes).
    Removing system_stm32f4xx.o(i.SystemCoreClockUpdate), (192 bytes).
    Removing system_stm32f4xx.o(.constdata), (16 bytes).

123 unused section(s) (total 5404 bytes) removed from the image.

==============================================================================

Image Symbol Table

    Local Symbols

    Symbol Name                              Value     Ov Type        Size  Object(Section)

    ../clib/angel/boardlib.s                 0x00000000   Number         0  boardinit3.o ABSOLUTE
    ../clib/angel/boardlib.s                 0x00000000   Number         0  boardinit1.o ABSOLUTE
    ../clib/angel/boardlib.s                 0x00000000   Number         0  boardinit2.o ABSOLUTE
    ../clib/angel/boardlib.s                 0x00000000   Number         0  boardshut.o ABSOLUTE
    ../clib/angel/handlers.s                 0x00000000   Number         0  __scatter_zi.o ABSOLUTE
    ../clib/angel/handlers.s                 0x00000000   Number         0  __scatter_copy.o ABSOLUTE
    ../clib/angel/kernel.s                   0x00000000   Number         0  __rtentry2.o ABSOLUTE
    ../clib/angel/kernel.s                   0x00000000   Number         0  rtexit.o ABSOLUTE
    ../clib/angel/kernel.s                   0x00000000   Number         0  __rtentry.o ABSOLUTE
    ../clib/angel/kernel.s                   0x00000000   Number         0  rtexit2.o ABSOLUTE
    ../clib/angel/kernel.s                   0x00000000   Number         0  __rtentry4.o ABSOLUTE
    ../clib/angel/rt.s                       0x00000000   Number         0  rt_raise.o ABSOLUTE
    ../clib/angel/scatter.s                  0x00000000   Number         0  __scatter.o ABSOLUTE
    ../clib/angel/startup.s                  0x00000000   Number         0  __main.o ABSOLUTE
    ../clib/angel/sys.s                      0x00000000   Number         0  libspace.o ABSOLUTE
    ../clib/angel/sys.s                      0x00000000   Number         0  indicate_semi.o ABSOLUTE
    ../clib/angel/sys.s                      0x00000000   Number         0  use_no_semi.o ABSOLUTE
    ../clib/angel/sys.s                      0x00000000   Number         0  sys_stackheap_outer.o ABSOLUTE
    ../clib/angel/sysapp.c                   0x00000000   Number         0  sys_command.o ABSOLUTE
    ../clib/angel/sysapp.c                   0x00000000   Number         0  sys_exit.o ABSOLUTE
    ../clib/angel/sysapp.c                   0x00000000   Number         0  sys_wrch.o ABSOLUTE
    ../clib/armsys.c                         0x00000000   Number         0  argv_veneer.o ABSOLUTE
    ../clib/armsys.c                         0x00000000   Number         0  _get_argv_nomalloc.o ABSOLUTE
    ../clib/armsys.c                         0x00000000   Number         0  argv_veneer.o ABSOLUTE
    ../clib/armsys.c                         0x00000000   Number         0  no_argv.o ABSOLUTE
    ../clib/heapalloc.c                      0x00000000   Number         0  hrguard.o ABSOLUTE
    ../clib/heapaux.c                        0x00000000   Number         0  heapauxi.o ABSOLUTE
    ../clib/libinit.s                        0x00000000   Number         0  libinit2.o ABSOLUTE
    ../clib/libinit.s                        0x00000000   Number         0  libshutdown2.o ABSOLUTE
    ../clib/libinit.s                        0x00000000   Number         0  libinit.o ABSOLUTE
    ../clib/libinit.s                        0x00000000   Number         0  libshutdown.o ABSOLUTE
    ../clib/memcpset.s                       0x00000000   Number         0  rt_memcpy_w.o ABSOLUTE
    ../clib/memcpset.s                       0x00000000   Number         0  rt_memcpy_v6.o ABSOLUTE
    ../clib/signal.c                         0x00000000   Number         0  defsig_rtmem_formal.o ABSOLUTE
    ../clib/signal.c                         0x00000000   Number         0  defsig_other.o ABSOLUTE
    ../clib/signal.c                         0x00000000   Number         0  defsig_segv_inner.o ABSOLUTE
    ../clib/signal.c                         0x00000000   Number         0  defsig_cppl_inner.o ABSOLUTE
    ../clib/signal.c                         0x00000000   Number         0  defsig_pvfn_inner.o ABSOLUTE
    ../clib/signal.c                         0x00000000   Number         0  defsig_stak_inner.o ABSOLUTE
    ../clib/signal.c                         0x00000000   Number         0  defsig_abrt_inner.o ABSOLUTE
    ../clib/signal.c                         0x00000000   Number         0  defsig_rtred_inner.o ABSOLUTE
    ../clib/signal.c                         0x00000000   Number         0  defsig_fpe_inner.o ABSOLUTE
    ../clib/signal.c                         0x00000000   Number         0  defsig_rtmem_outer.o ABSOLUTE
    ../clib/signal.c                         0x00000000   Number         0  defsig_general.o ABSOLUTE
    ../clib/signal.c                         0x00000000   Number         0  __raise.o ABSOLUTE
    ../clib/signal.c                         0x00000000   Number         0  defsig_rtmem_inner.o ABSOLUTE
    ../clib/signal.c                         0x00000000   Number         0  defsig_exit.o ABSOLUTE
    ../clib/signal.s                         0x00000000   Number         0  defsig.o ABSOLUTE
    ../clib/stdlib.c                         0x00000000   Number         0  exit.o ABSOLUTE
    ../fplib/fpinit.s                        0x00000000   Number         0  fpinit.o ABSOLUTE
    C:\Keil_v5\ARM\PACK\Keil\STM32F4xx_DFP\2.10.0\CMSIS\Driver\CAN_STM32F4xx.c 0x00000000   Number         0  can_stm32f4xx.o ABSOLUTE
    C:\Keil_v5\ARM\PACK\Keil\STM32F4xx_DFP\2.10.0\Drivers\STM32F4xx_HAL_Driver\Src\stm32f4xx_hal.c 0x00000000   Number         0  stm32f4xx_hal.o ABSOLUTE
    C:\Keil_v5\ARM\PACK\Keil\STM32F4xx_DFP\2.10.0\Drivers\STM32F4xx_HAL_Driver\Src\stm32f4xx_hal_cortex.c 0x00000000   Number         0  stm32f4xx_hal_cortex.o ABSOLUTE
    C:\Keil_v5\ARM\PACK\Keil\STM32F4xx_DFP\2.10.0\Drivers\STM32F4xx_HAL_Driver\Src\stm32f4xx_hal_gpio.c 0x00000000   Number         0  stm32f4xx_hal_gpio.o ABSOLUTE
    C:\Keil_v5\ARM\PACK\Keil\STM32F4xx_DFP\2.10.0\Drivers\STM32F4xx_HAL_Driver\Src\stm32f4xx_hal_pwr.c 0x00000000   Number         0  stm32f4xx_hal_pwr.o ABSOLUTE
    C:\Keil_v5\ARM\PACK\Keil\STM32F4xx_DFP\2.10.0\Drivers\STM32F4xx_HAL_Driver\Src\stm32f4xx_hal_pwr_ex.c 0x00000000   Number         0  stm32f4xx_hal_pwr_ex.o ABSOLUTE
    C:\Keil_v5\ARM\PACK\Keil\STM32F4xx_DFP\2.10.0\Drivers\STM32F4xx_HAL_Driver\Src\stm32f4xx_hal_rcc.c 0x00000000   Number         0  stm32f4xx_hal_rcc.o ABSOLUTE
    C:\Keil_v5\ARM\PACK\Keil\STM32F4xx_DFP\2.10.0\Drivers\STM32F4xx_HAL_Driver\Src\stm32f4xx_hal_rcc_ex.c 0x00000000   Number         0  stm32f4xx_hal_rcc_ex.o ABSOLUTE
    C:\Keil_v5\ARM\PACK\Keil\STM32F4xx_DFP\2.10.0\MDK\Boards\ST\STM32F429I-Discovery\Common\Buttons_F429Discovery.c 0x00000000   Number         0  buttons_f429discovery.o ABSOLUTE
    C:\Keil_v5\ARM\PACK\Keil\STM32F4xx_DFP\2.10.0\MDK\Boards\ST\STM32F429I-Discovery\Common\LED_F429Discovery.c 0x00000000   Number         0  led_f429discovery.o ABSOLUTE
    C:\\Keil_v5\\ARM\\PACK\\Keil\\STM32F4xx_DFP\\2.10.0\\CMSIS\\Driver\\CAN_STM32F4xx.c 0x00000000   Number         0  can_stm32f4xx.o ABSOLUTE
    C:\\Keil_v5\\ARM\\PACK\\Keil\\STM32F4xx_DFP\\2.10.0\\Drivers\\STM32F4xx_HAL_Driver\\Src\\stm32f4xx_hal.c 0x00000000   Number         0  stm32f4xx_hal.o ABSOLUTE
    C:\\Keil_v5\\ARM\\PACK\\Keil\\STM32F4xx_DFP\\2.10.0\\Drivers\\STM32F4xx_HAL_Driver\\Src\\stm32f4xx_hal_cortex.c 0x00000000   Number         0  stm32f4xx_hal_cortex.o ABSOLUTE
    C:\\Keil_v5\\ARM\\PACK\\Keil\\STM32F4xx_DFP\\2.10.0\\Drivers\\STM32F4xx_HAL_Driver\\Src\\stm32f4xx_hal_gpio.c 0x00000000   Number         0  stm32f4xx_hal_gpio.o ABSOLUTE
    C:\\Keil_v5\\ARM\\PACK\\Keil\\STM32F4xx_DFP\\2.10.0\\Drivers\\STM32F4xx_HAL_Driver\\Src\\stm32f4xx_hal_pwr.c 0x00000000   Number         0  stm32f4xx_hal_pwr.o ABSOLUTE
    C:\\Keil_v5\\ARM\\PACK\\Keil\\STM32F4xx_DFP\\2.10.0\\Drivers\\STM32F4xx_HAL_Driver\\Src\\stm32f4xx_hal_pwr_ex.c 0x00000000   Number         0  stm32f4xx_hal_pwr_ex.o ABSOLUTE
    C:\\Keil_v5\\ARM\\PACK\\Keil\\STM32F4xx_DFP\\2.10.0\\Drivers\\STM32F4xx_HAL_Driver\\Src\\stm32f4xx_hal_rcc.c 0x00000000   Number         0  stm32f4xx_hal_rcc.o ABSOLUTE
    C:\\Keil_v5\\ARM\\PACK\\Keil\\STM32F4xx_DFP\\2.10.0\\Drivers\\STM32F4xx_HAL_Driver\\Src\\stm32f4xx_hal_rcc_ex.c 0x00000000   Number         0  stm32f4xx_hal_rcc_ex.o ABSOLUTE
    C:\\Keil_v5\\ARM\\PACK\\Keil\\STM32F4xx_DFP\\2.10.0\\MDK\\Boards\\ST\\STM32F429I-Discovery\\Common\\Buttons_F429Discovery.c 0x00000000   Number         0  buttons_f429discovery.o ABSOLUTE
    C:\\Keil_v5\\ARM\\PACK\\Keil\\STM32F4xx_DFP\\2.10.0\\MDK\\Boards\\ST\\STM32F429I-Discovery\\Common\\LED_F429Discovery.c 0x00000000   Number         0  led_f429discovery.o ABSOLUTE
    RTE\Device\STM32F429ZITx\startup_stm32f429xx.s 0x00000000   Number         0  startup_stm32f429xx.o ABSOLUTE
    RTE\Device\STM32F429ZITx\system_stm32f4xx.c 0x00000000   Number         0  system_stm32f4xx.o ABSOLUTE
    RTE\\Device\\STM32F429ZITx\\system_stm32f4xx.c 0x00000000   Number         0  system_stm32f4xx.o ABSOLUTE
    dc.s                                     0x00000000   Number         0  dc.o ABSOLUTE
    main.c                                   0x00000000   Number         0  main.o ABSOLUTE
    main.c                                   0x00000000   Number         0  main.o ABSOLUTE
    stm32f4xx_hal_msp.c                      0x00000000   Number         0  stm32f4xx_hal_msp.o ABSOLUTE
    stm32f4xx_hal_msp.c                      0x00000000   Number         0  stm32f4xx_hal_msp.o ABSOLUTE
    stm32f4xx_it.c                           0x00000000   Number         0  stm32f4xx_it.o ABSOLUTE
    stm32f4xx_it.c                           0x00000000   Number         0  stm32f4xx_it.o ABSOLUTE
    RESET                                    0x08000000   Section      428  startup_stm32f429xx.o(RESET)
    !!!main                                  0x080001ac   Section        8  __main.o(!!!main)
    !!!scatter                               0x080001b4   Section       52  __scatter.o(!!!scatter)
    !!handler_copy                           0x080001e8   Section       26  __scatter_copy.o(!!handler_copy)
    !!handler_zi                             0x08000204   Section       28  __scatter_zi.o(!!handler_zi)
    .ARM.Collect$$libinit$$00000000          0x08000220   Section        2  libinit.o(.ARM.Collect$$libinit$$00000000)
    .ARM.Collect$$libinit$$00000001          0x08000222   Section        4  libinit2.o(.ARM.Collect$$libinit$$00000001)
    .ARM.Collect$$libinit$$00000004          0x08000226   Section        0  libinit2.o(.ARM.Collect$$libinit$$00000004)
    .ARM.Collect$$libinit$$0000000A          0x08000226   Section        0  libinit2.o(.ARM.Collect$$libinit$$0000000A)
    .ARM.Collect$$libinit$$0000000C          0x08000226   Section        0  libinit2.o(.ARM.Collect$$libinit$$0000000C)
    .ARM.Collect$$libinit$$0000000E          0x08000226   Section        0  libinit2.o(.ARM.Collect$$libinit$$0000000E)
    .ARM.Collect$$libinit$$00000011          0x08000226   Section        0  libinit2.o(.ARM.Collect$$libinit$$00000011)
    .ARM.Collect$$libinit$$00000013          0x08000226   Section        0  libinit2.o(.ARM.Collect$$libinit$$00000013)
    .ARM.Collect$$libinit$$00000015          0x08000226   Section        0  libinit2.o(.ARM.Collect$$libinit$$00000015)
    .ARM.Collect$$libinit$$00000017          0x08000226   Section        0  libinit2.o(.ARM.Collect$$libinit$$00000017)
    .ARM.Collect$$libinit$$00000019          0x08000226   Section        0  libinit2.o(.ARM.Collect$$libinit$$00000019)
    .ARM.Collect$$libinit$$0000001B          0x08000226   Section        0  libinit2.o(.ARM.Collect$$libinit$$0000001B)
    .ARM.Collect$$libinit$$0000001D          0x08000226   Section        0  libinit2.o(.ARM.Collect$$libinit$$0000001D)
    .ARM.Collect$$libinit$$0000001F          0x08000226   Section        0  libinit2.o(.ARM.Collect$$libinit$$0000001F)
    .ARM.Collect$$libinit$$00000021          0x08000226   Section        0  libinit2.o(.ARM.Collect$$libinit$$00000021)
    .ARM.Collect$$libinit$$00000023          0x08000226   Section        0  libinit2.o(.ARM.Collect$$libinit$$00000023)
    .ARM.Collect$$libinit$$00000025          0x08000226   Section        0  libinit2.o(.ARM.Collect$$libinit$$00000025)
    .ARM.Collect$$libinit$$0000002C          0x08000226   Section        0  libinit2.o(.ARM.Collect$$libinit$$0000002C)
    .ARM.Collect$$libinit$$0000002E          0x08000226   Section        0  libinit2.o(.ARM.Collect$$libinit$$0000002E)
    .ARM.Collect$$libinit$$00000030          0x08000226   Section        0  libinit2.o(.ARM.Collect$$libinit$$00000030)
    .ARM.Collect$$libinit$$00000032          0x08000226   Section        0  libinit2.o(.ARM.Collect$$libinit$$00000032)
    .ARM.Collect$$libinit$$00000033          0x08000226   Section        2  libinit2.o(.ARM.Collect$$libinit$$00000033)
    .ARM.Collect$$libshutdown$$00000000      0x08000228   Section        2  libshutdown.o(.ARM.Collect$$libshutdown$$00000000)
    .ARM.Collect$$libshutdown$$00000002      0x0800022a   Section        0  libshutdown2.o(.ARM.Collect$$libshutdown$$00000002)
    .ARM.Collect$$libshutdown$$00000004      0x0800022a   Section        0  libshutdown2.o(.ARM.Collect$$libshutdown$$00000004)
    .ARM.Collect$$libshutdown$$00000007      0x0800022a   Section        0  libshutdown2.o(.ARM.Collect$$libshutdown$$00000007)
    .ARM.Collect$$libshutdown$$0000000A      0x0800022a   Section        0  libshutdown2.o(.ARM.Collect$$libshutdown$$0000000A)
    .ARM.Collect$$libshutdown$$0000000C      0x0800022a   Section        0  libshutdown2.o(.ARM.Collect$$libshutdown$$0000000C)
    .ARM.Collect$$libshutdown$$0000000F      0x0800022a   Section        0  libshutdown2.o(.ARM.Collect$$libshutdown$$0000000F)
    .ARM.Collect$$libshutdown$$00000010      0x0800022a   Section        2  libshutdown2.o(.ARM.Collect$$libshutdown$$00000010)
    .ARM.Collect$$rtentry$$00000000          0x0800022c   Section        0  __rtentry.o(.ARM.Collect$$rtentry$$00000000)
    .ARM.Collect$$rtentry$$00000002          0x0800022c   Section        0  __rtentry2.o(.ARM.Collect$$rtentry$$00000002)
    .ARM.Collect$$rtentry$$00000004          0x0800022c   Section        6  __rtentry4.o(.ARM.Collect$$rtentry$$00000004)
    .ARM.Collect$$rtentry$$00000009          0x08000232   Section        0  __rtentry2.o(.ARM.Collect$$rtentry$$00000009)
    .ARM.Collect$$rtentry$$0000000A          0x08000232   Section        4  __rtentry2.o(.ARM.Collect$$rtentry$$0000000A)
    .ARM.Collect$$rtentry$$0000000C          0x08000236   Section        0  __rtentry2.o(.ARM.Collect$$rtentry$$0000000C)
    .ARM.Collect$$rtentry$$0000000D          0x08000236   Section        8  __rtentry2.o(.ARM.Collect$$rtentry$$0000000D)
    .ARM.Collect$$rtexit$$00000000           0x0800023e   Section        2  rtexit.o(.ARM.Collect$$rtexit$$00000000)
    .ARM.Collect$$rtexit$$00000002           0x08000240   Section        0  rtexit2.o(.ARM.Collect$$rtexit$$00000002)
    .ARM.Collect$$rtexit$$00000003           0x08000240   Section        4  rtexit2.o(.ARM.Collect$$rtexit$$00000003)
    .ARM.Collect$$rtexit$$00000004           0x08000244   Section        6  rtexit2.o(.ARM.Collect$$rtexit$$00000004)
    .text                                    0x0800024c   Section       64  startup_stm32f429xx.o(.text)
    $v0                                      0x0800024c   Number         0  startup_stm32f429xx.o(.text)
    .text                                    0x0800028c   Section      138  rt_memcpy_v6.o(.text)
    .text                                    0x08000316   Section        0  heapauxi.o(.text)
    .text                                    0x0800031c   Section      100  rt_memcpy_w.o(.text)
    .text                                    0x08000380   Section       74  sys_stackheap_outer.o(.text)
    .text                                    0x080003ca   Section        0  exit.o(.text)
    .text                                    0x080003dc   Section        8  libspace.o(.text)
    .text                                    0x080003e4   Section        0  sys_exit.o(.text)
    .text                                    0x080003f0   Section        2  use_no_semi.o(.text)
    .text                                    0x080003f2   Section        0  indicate_semi.o(.text)
    i.BusFault_Handler                       0x080003f2   Section        0  stm32f4xx_it.o(i.BusFault_Handler)
    i.Buttons_GetState                       0x080003f8   Section        0  buttons_f429discovery.o(i.Buttons_GetState)
    i.Buttons_Initialize                     0x08000414   Section        0  buttons_f429discovery.o(i.Buttons_Initialize)
    i.CAN1_Control                           0x08000458   Section        0  can_stm32f4xx.o(i.CAN1_Control)
    CAN1_Control                             0x08000459   Thumb Code    18  can_stm32f4xx.o(i.CAN1_Control)
    i.CAN1_GetStatus                         0x0800046a   Section        0  can_stm32f4xx.o(i.CAN1_GetStatus)
    CAN1_GetStatus                           0x0800046b   Thumb Code    12  can_stm32f4xx.o(i.CAN1_GetStatus)
    i.CAN1_Initialize                        0x08000476   Section        0  can_stm32f4xx.o(i.CAN1_Initialize)
    CAN1_Initialize                          0x08000477   Thumb Code    18  can_stm32f4xx.o(i.CAN1_Initialize)
    i.CAN1_MessageRead                       0x08000488   Section        0  can_stm32f4xx.o(i.CAN1_MessageRead)
    CAN1_MessageRead                         0x08000489   Thumb Code    28  can_stm32f4xx.o(i.CAN1_MessageRead)
    i.CAN1_MessageSend                       0x080004a4   Section        0  can_stm32f4xx.o(i.CAN1_MessageSend)
    CAN1_MessageSend                         0x080004a5   Thumb Code    28  can_stm32f4xx.o(i.CAN1_MessageSend)
    i.CAN1_ObjectConfigure                   0x080004c0   Section        0  can_stm32f4xx.o(i.CAN1_ObjectConfigure)
    CAN1_ObjectConfigure                     0x080004c1   Thumb Code    18  can_stm32f4xx.o(i.CAN1_ObjectConfigure)
    i.CAN1_ObjectGetCapabilities             0x080004d2   Section        0  can_stm32f4xx.o(i.CAN1_ObjectGetCapabilities)
    i.CAN1_ObjectSetFilter                   0x080004e2   Section        0  can_stm32f4xx.o(i.CAN1_ObjectSetFilter)
    CAN1_ObjectSetFilter                     0x080004e3   Thumb Code    28  can_stm32f4xx.o(i.CAN1_ObjectSetFilter)
    i.CAN1_PowerControl                      0x080004fe   Section        0  can_stm32f4xx.o(i.CAN1_PowerControl)
    CAN1_PowerControl                        0x080004ff   Thumb Code    14  can_stm32f4xx.o(i.CAN1_PowerControl)
    i.CAN1_RX0_IRQHandler                    0x0800050c   Section        0  can_stm32f4xx.o(i.CAN1_RX0_IRQHandler)
    i.CAN1_RX1_IRQHandler                    0x080005f8   Section        0  can_stm32f4xx.o(i.CAN1_RX1_IRQHandler)
    i.CAN1_SCE_IRQHandler                    0x080006e4   Section        0  can_stm32f4xx.o(i.CAN1_SCE_IRQHandler)
    i.CAN1_SetBitrate                        0x08000778   Section        0  can_stm32f4xx.o(i.CAN1_SetBitrate)
    CAN1_SetBitrate                          0x08000779   Thumb Code    22  can_stm32f4xx.o(i.CAN1_SetBitrate)
    i.CAN1_SetMode                           0x0800078e   Section        0  can_stm32f4xx.o(i.CAN1_SetMode)
    CAN1_SetMode                             0x0800078f   Thumb Code    14  can_stm32f4xx.o(i.CAN1_SetMode)
    i.CAN1_TX_IRQHandler                     0x0800079c   Section        0  can_stm32f4xx.o(i.CAN1_TX_IRQHandler)
    i.CAN1_Uninitialize                      0x080008b4   Section        0  can_stm32f4xx.o(i.CAN1_Uninitialize)
    CAN1_Uninitialize                        0x080008b5   Thumb Code    10  can_stm32f4xx.o(i.CAN1_Uninitialize)
    i.CAN2_Control                           0x080008be   Section        0  can_stm32f4xx.o(i.CAN2_Control)
    CAN2_Control                             0x080008bf   Thumb Code    18  can_stm32f4xx.o(i.CAN2_Control)
    i.CAN2_GetStatus                         0x080008d0   Section        0  can_stm32f4xx.o(i.CAN2_GetStatus)
    CAN2_GetStatus                           0x080008d1   Thumb Code    12  can_stm32f4xx.o(i.CAN2_GetStatus)
    i.CAN2_Initialize                        0x080008dc   Section        0  can_stm32f4xx.o(i.CAN2_Initialize)
    CAN2_Initialize                          0x080008dd   Thumb Code    18  can_stm32f4xx.o(i.CAN2_Initialize)
    i.CAN2_MessageRead                       0x080008ee   Section        0  can_stm32f4xx.o(i.CAN2_MessageRead)
    CAN2_MessageRead                         0x080008ef   Thumb Code    28  can_stm32f4xx.o(i.CAN2_MessageRead)
    i.CAN2_MessageSend                       0x0800090a   Section        0  can_stm32f4xx.o(i.CAN2_MessageSend)
    CAN2_MessageSend                         0x0800090b   Thumb Code    28  can_stm32f4xx.o(i.CAN2_MessageSend)
    i.CAN2_ObjectConfigure                   0x08000926   Section        0  can_stm32f4xx.o(i.CAN2_ObjectConfigure)
    CAN2_ObjectConfigure                     0x08000927   Thumb Code    18  can_stm32f4xx.o(i.CAN2_ObjectConfigure)
    i.CAN2_ObjectGetCapabilities             0x08000938   Section        0  can_stm32f4xx.o(i.CAN2_ObjectGetCapabilities)
    i.CAN2_ObjectSetFilter                   0x08000948   Section        0  can_stm32f4xx.o(i.CAN2_ObjectSetFilter)
    CAN2_ObjectSetFilter                     0x08000949   Thumb Code    28  can_stm32f4xx.o(i.CAN2_ObjectSetFilter)
    i.CAN2_PowerControl                      0x08000964   Section        0  can_stm32f4xx.o(i.CAN2_PowerControl)
    CAN2_PowerControl                        0x08000965   Thumb Code    14  can_stm32f4xx.o(i.CAN2_PowerControl)
    i.CAN2_RX0_IRQHandler                    0x08000974   Section        0  can_stm32f4xx.o(i.CAN2_RX0_IRQHandler)
    i.CAN2_RX1_IRQHandler                    0x08000a60   Section        0  can_stm32f4xx.o(i.CAN2_RX1_IRQHandler)
    i.CAN2_SCE_IRQHandler                    0x08000b4c   Section        0  can_stm32f4xx.o(i.CAN2_SCE_IRQHandler)
    i.CAN2_SetBitrate                        0x08000be0   Section        0  can_stm32f4xx.o(i.CAN2_SetBitrate)
    CAN2_SetBitrate                          0x08000be1   Thumb Code    22  can_stm32f4xx.o(i.CAN2_SetBitrate)
    i.CAN2_SetMode                           0x08000bf6   Section        0  can_stm32f4xx.o(i.CAN2_SetMode)
    CAN2_SetMode                             0x08000bf7   Thumb Code    14  can_stm32f4xx.o(i.CAN2_SetMode)
    i.CAN2_TX_IRQHandler                     0x08000c04   Section        0  can_stm32f4xx.o(i.CAN2_TX_IRQHandler)
    i.CAN2_Uninitialize                      0x08000d1c   Section        0  can_stm32f4xx.o(i.CAN2_Uninitialize)
    CAN2_Uninitialize                        0x08000d1d   Thumb Code    10  can_stm32f4xx.o(i.CAN2_Uninitialize)
    i.CAN_GetCapabilities                    0x08000d28   Section        0  can_stm32f4xx.o(i.CAN_GetCapabilities)
    CAN_GetCapabilities                      0x08000d29   Thumb Code     6  can_stm32f4xx.o(i.CAN_GetCapabilities)
    i.CAN_GetClock                           0x08000d34   Section        0  can_stm32f4xx.o(i.CAN_GetClock)
    i.CAN_GetVersion                         0x08000d3c   Section        0  can_stm32f4xx.o(i.CAN_GetVersion)
    CAN_GetVersion                           0x08000d3d   Thumb Code    10  can_stm32f4xx.o(i.CAN_GetVersion)
    i.CAN_SignalObjectEvent1                 0x08000d4c   Section        0  main.o(i.CAN_SignalObjectEvent1)
    i.CAN_SignalObjectEvent2                 0x08000da4   Section        0  main.o(i.CAN_SignalObjectEvent2)
    i.CAN_SignalUnitEvent1                   0x08000dfc   Section        0  main.o(i.CAN_SignalUnitEvent1)
    i.CAN_SignalUnitEvent2                   0x08000dfe   Section        0  main.o(i.CAN_SignalUnitEvent2)
    i.CANx_AddFilter                         0x08000e00   Section        0  can_stm32f4xx.o(i.CANx_AddFilter)
    CANx_AddFilter                           0x08000e01   Thumb Code  1050  can_stm32f4xx.o(i.CANx_AddFilter)
    i.CANx_Control                           0x08001220   Section        0  can_stm32f4xx.o(i.CANx_Control)
    CANx_Control                             0x08001221   Thumb Code   168  can_stm32f4xx.o(i.CANx_Control)
    i.CANx_GetStatus                         0x080012d0   Section        0  can_stm32f4xx.o(i.CANx_GetStatus)
    CANx_GetStatus                           0x080012d1   Thumb Code   234  can_stm32f4xx.o(i.CANx_GetStatus)
    i.CANx_Initialize                        0x080013c0   Section        0  can_stm32f4xx.o(i.CANx_Initialize)
    CANx_Initialize                          0x080013c1   Thumb Code   200  can_stm32f4xx.o(i.CANx_Initialize)
    i.CANx_MessageRead                       0x08001498   Section        0  can_stm32f4xx.o(i.CANx_MessageRead)
    CANx_MessageRead                         0x08001499   Thumb Code   276  can_stm32f4xx.o(i.CANx_MessageRead)
    i.CANx_MessageSend                       0x080015b8   Section        0  can_stm32f4xx.o(i.CANx_MessageSend)
    CANx_MessageSend                         0x080015b9   Thumb Code   312  can_stm32f4xx.o(i.CANx_MessageSend)
    i.CANx_ObjectConfigure                   0x080016fc   Section        0  can_stm32f4xx.o(i.CANx_ObjectConfigure)
    CANx_ObjectConfigure                     0x080016fd   Thumb Code   142  can_stm32f4xx.o(i.CANx_ObjectConfigure)
    i.CANx_ObjectGetCapabilities             0x08001794   Section        0  can_stm32f4xx.o(i.CANx_ObjectGetCapabilities)
    i.CANx_ObjectSetFilter                   0x080017c0   Section        0  can_stm32f4xx.o(i.CANx_ObjectSetFilter)
    CANx_ObjectSetFilter                     0x080017c1   Thumb Code   174  can_stm32f4xx.o(i.CANx_ObjectSetFilter)
    i.CANx_PowerControl                      0x08001878   Section        0  can_stm32f4xx.o(i.CANx_PowerControl)
    CANx_PowerControl                        0x08001879   Thumb Code   786  can_stm32f4xx.o(i.CANx_PowerControl)
    i.CANx_RemoveFilter                      0x08001bac   Section        0  can_stm32f4xx.o(i.CANx_RemoveFilter)
    CANx_RemoveFilter                        0x08001bad   Thumb Code   908  can_stm32f4xx.o(i.CANx_RemoveFilter)
    i.CANx_SetBitrate                        0x08001f3c   Section        0  can_stm32f4xx.o(i.CANx_SetBitrate)
    CANx_SetBitrate                          0x08001f3d   Thumb Code   304  can_stm32f4xx.o(i.CANx_SetBitrate)
    i.CANx_SetMode                           0x08002074   Section        0  can_stm32f4xx.o(i.CANx_SetMode)
    CANx_SetMode                             0x08002075   Thumb Code   336  can_stm32f4xx.o(i.CANx_SetMode)
    i.CANx_Uninitialize                      0x080021d0   Section        0  can_stm32f4xx.o(i.CANx_Uninitialize)
    CANx_Uninitialize                        0x080021d1   Thumb Code   126  can_stm32f4xx.o(i.CANx_Uninitialize)
    i.DebugMon_Handler                       0x08002258   Section        0  stm32f4xx_it.o(i.DebugMon_Handler)
    i.Enable_GPIO_Clock                      0x0800225c   Section        0  can_stm32f4xx.o(i.Enable_GPIO_Clock)
    Enable_GPIO_Clock                        0x0800225d   Thumb Code   422  can_stm32f4xx.o(i.Enable_GPIO_Clock)
    i.Error_Handler                          0x08002434   Section        0  main.o(i.Error_Handler)
    Error_Handler                            0x08002435   Thumb Code     4  main.o(i.Error_Handler)
    i.HAL_Delay                              0x08002438   Section        0  stm32f4xx_hal.o(i.HAL_Delay)
    i.HAL_GPIO_Init                          0x08002454   Section        0  stm32f4xx_hal_gpio.o(i.HAL_GPIO_Init)
    i.HAL_GPIO_ReadPin                       0x08002670   Section        0  stm32f4xx_hal_gpio.o(i.HAL_GPIO_ReadPin)
    i.HAL_GPIO_WritePin                      0x08002680   Section        0  stm32f4xx_hal_gpio.o(i.HAL_GPIO_WritePin)
    i.HAL_GetREVID                           0x0800268c   Section        0  stm32f4xx_hal.o(i.HAL_GetREVID)
    i.HAL_GetTick                            0x08002698   Section        0  stm32f4xx_hal.o(i.HAL_GetTick)
    i.HAL_IncTick                            0x080026a4   Section        0  stm32f4xx_hal.o(i.HAL_IncTick)
    i.HAL_Init                               0x080026b4   Section        0  stm32f4xx_hal.o(i.HAL_Init)
    i.HAL_InitTick                           0x080026f0   Section        0  stm32f4xx_hal.o(i.HAL_InitTick)
    i.HAL_MspInit                            0x08002718   Section        0  stm32f4xx_hal_msp.o(i.HAL_MspInit)
    i.HAL_NVIC_SetPriority                   0x08002724   Section        0  stm32f4xx_hal_cortex.o(i.HAL_NVIC_SetPriority)
    i.HAL_NVIC_SetPriorityGrouping           0x080027a0   Section        0  stm32f4xx_hal_cortex.o(i.HAL_NVIC_SetPriorityGrouping)
    i.HAL_RCC_ClockConfig                    0x080027c8   Section        0  stm32f4xx_hal_rcc.o(i.HAL_RCC_ClockConfig)
    i.HAL_RCC_GetHCLKFreq                    0x08002998   Section        0  stm32f4xx_hal_rcc.o(i.HAL_RCC_GetHCLKFreq)
    i.HAL_RCC_GetPCLK1Freq                   0x080029a4   Section        0  stm32f4xx_hal_rcc.o(i.HAL_RCC_GetPCLK1Freq)
    i.HAL_RCC_GetSysClockFreq                0x080029d0   Section        0  stm32f4xx_hal_rcc.o(i.HAL_RCC_GetSysClockFreq)
    i.HAL_RCC_OscConfig                      0x08002a84   Section        0  stm32f4xx_hal_rcc.o(i.HAL_RCC_OscConfig)
    i.HAL_SYSTICK_Config                     0x08002e20   Section        0  stm32f4xx_hal_cortex.o(i.HAL_SYSTICK_Config)
    i.HardFault_Handler                      0x08002e54   Section        0  stm32f4xx_it.o(i.HardFault_Handler)
    i.Init_CAN1                              0x08002e58   Section        0  main.o(i.Init_CAN1)
    i.Init_CAN2                              0x08002f78   Section        0  main.o(i.Init_CAN2)
    i.LED_Initialize                         0x08003098   Section        0  led_f429discovery.o(i.LED_Initialize)
    i.LED_Off                                0x080030e4   Section        0  led_f429discovery.o(i.LED_Off)
    i.LED_On                                 0x08003104   Section        0  led_f429discovery.o(i.LED_On)
    i.MemManage_Handler                      0x08003124   Section        0  stm32f4xx_it.o(i.MemManage_Handler)
    i.NMI_Handler                            0x08003128   Section        0  stm32f4xx_it.o(i.NMI_Handler)
    i.PendSV_Handler                         0x0800312a   Section        0  stm32f4xx_it.o(i.PendSV_Handler)
    i.SVC_Handler                            0x0800312c   Section        0  stm32f4xx_it.o(i.SVC_Handler)
    i.SysTick_Handler                        0x0800312e   Section        0  stm32f4xx_it.o(i.SysTick_Handler)
    i.SystemClock_Config                     0x08003138   Section        0  main.o(i.SystemClock_Config)
    SystemClock_Config                       0x08003139   Thumb Code   178  main.o(i.SystemClock_Config)
    i.SystemInit                             0x080031f8   Section        0  system_stm32f4xx.o(i.SystemInit)
    i.UsageFault_Handler                     0x0800325c   Section        0  stm32f4xx_it.o(i.UsageFault_Handler)
    i.__NVIC_ClearPendingIRQ                 0x08003260   Section        0  can_stm32f4xx.o(i.__NVIC_ClearPendingIRQ)
    __NVIC_ClearPendingIRQ                   0x08003261   Thumb Code    22  can_stm32f4xx.o(i.__NVIC_ClearPendingIRQ)
    i.__NVIC_DisableIRQ                      0x0800327c   Section        0  can_stm32f4xx.o(i.__NVIC_DisableIRQ)
    __NVIC_DisableIRQ                        0x0800327d   Thumb Code    22  can_stm32f4xx.o(i.__NVIC_DisableIRQ)
    i.__NVIC_EnableIRQ                       0x08003298   Section        0  can_stm32f4xx.o(i.__NVIC_EnableIRQ)
    __NVIC_EnableIRQ                         0x08003299   Thumb Code    26  can_stm32f4xx.o(i.__NVIC_EnableIRQ)
    i.__NVIC_GetPriorityGrouping             0x080032b4   Section        0  stm32f4xx_hal_cortex.o(i.__NVIC_GetPriorityGrouping)
    __NVIC_GetPriorityGrouping               0x080032b5   Thumb Code    10  stm32f4xx_hal_cortex.o(i.__NVIC_GetPriorityGrouping)
    i.__NVIC_SetPriority                     0x080032c4   Section        0  stm32f4xx_hal_cortex.o(i.__NVIC_SetPriority)
    __NVIC_SetPriority                       0x080032c5   Thumb Code    32  stm32f4xx_hal_cortex.o(i.__NVIC_SetPriority)
    i.main                                   0x080032ec   Section        0  main.o(i.main)
    x$fpl$fpinit                             0x08003368   Section       10  fpinit.o(x$fpl$fpinit)
    $v0                                      0x08003368   Number         0  fpinit.o(x$fpl$fpinit)
    .constdata                               0x08003374   Section       16  led_f429discovery.o(.constdata)
    LED_PIN                                  0x08003374   Data          16  led_f429discovery.o(.constdata)
    .constdata                               0x08003384   Section      144  can_stm32f4xx.o(.constdata)
    can_driver_version                       0x08003384   Data           4  can_stm32f4xx.o(.constdata)
    can_driver_capabilities                  0x08003388   Data           4  can_stm32f4xx.o(.constdata)
    can_object_capabilities_rx               0x0800338c   Data           4  can_stm32f4xx.o(.constdata)
    can_object_capabilities_tx               0x08003390   Data           4  can_stm32f4xx.o(.constdata)
    ptr_CANx                                 0x08003394   Data           8  can_stm32f4xx.o(.constdata)
    .constdata                               0x08003414   Section       16  stm32f4xx_hal_rcc.o(.constdata)
    .data                                    0x20000000   Section       48  main.o(.data)
    .data                                    0x20000030   Section       20  can_stm32f4xx.o(.data)
    can_driver_powered                       0x20000030   Data           2  can_stm32f4xx.o(.data)
    can_driver_initialized                   0x20000032   Data           2  can_stm32f4xx.o(.data)
    CAN_SignalUnitEvent                      0x20000034   Data           8  can_stm32f4xx.o(.data)
    CAN_SignalObjectEvent                    0x2000003c   Data           8  can_stm32f4xx.o(.data)
    .data                                    0x20000044   Section        4  stm32f4xx_hal.o(.data)
    .data                                    0x20000048   Section        4  system_stm32f4xx.o(.data)
    .bss                                     0x2000004c   Section       10  can_stm32f4xx.o(.bss)
    can_obj_cfg                              0x2000004c   Data          10  can_stm32f4xx.o(.bss)
    .bss                                     0x20000058   Section       96  libspace.o(.bss)
    HEAP                                     0x200000b8   Section      512  startup_stm32f429xx.o(HEAP)
    Heap_Mem                                 0x200000b8   Data         512  startup_stm32f429xx.o(HEAP)
    STACK                                    0x200002b8   Section     1024  startup_stm32f429xx.o(STACK)
    Stack_Mem                                0x200002b8   Data        1024  startup_stm32f429xx.o(STACK)
    __initial_sp                             0x200006b8   Data           0  startup_stm32f429xx.o(STACK)

    Global Symbols

    Symbol Name                              Value     Ov Type        Size  Object(Section)

    BuildAttributes$$THM_ISAv4$E$P$D$K$B$S$7EM$VFPi3$EXTD16$VFPS$VFMA$PE$A:L22UL41UL21$X:L11$S22US41US21$IEEE1$IW$USESV6$~STKCKD$USESV7$~SHL$OSPACE$ROPI$EBA8$UX$STANDARDLIB$REQ8$PRES8$EABIv2 0x00000000   Number         0  anon$$obj.o ABSOLUTE
    __ARM_use_no_argv                        0x00000000   Number         0  main.o ABSOLUTE
    __ARM_exceptions_init                     - Undefined Weak Reference
    __alloca_initialize                       - Undefined Weak Reference
    __arm_preinit_                            - Undefined Weak Reference
    __cpp_initialize__aeabi_                  - Undefined Weak Reference
    __cxa_finalize                            - Undefined Weak Reference
    __rt_locale                               - Undefined Weak Reference
    __sigvec_lookup                           - Undefined Weak Reference
    _atexit_init                              - Undefined Weak Reference
    _call_atexit_fns                          - Undefined Weak Reference
    _clock_init                               - Undefined Weak Reference
    _fp_trap_init                             - Undefined Weak Reference
    _fp_trap_shutdown                         - Undefined Weak Reference
    _get_lc_collate                           - Undefined Weak Reference
    _get_lc_ctype                             - Undefined Weak Reference
    _get_lc_monetary                          - Undefined Weak Reference
    _get_lc_numeric                           - Undefined Weak Reference
    _get_lc_time                              - Undefined Weak Reference
    _getenv_init                              - Undefined Weak Reference
    _handle_redirection                       - Undefined Weak Reference
    _init_alloc                               - Undefined Weak Reference
    _init_user_alloc                          - Undefined Weak Reference
    _initio                                   - Undefined Weak Reference
    _rand_init                                - Undefined Weak Reference
    _signal_finish                            - Undefined Weak Reference
    _signal_init                              - Undefined Weak Reference
    _terminate_alloc                          - Undefined Weak Reference
    _terminate_user_alloc                     - Undefined Weak Reference
    _terminateio                              - Undefined Weak Reference
    __Vectors_Size                           0x000001ac   Number         0  startup_stm32f429xx.o ABSOLUTE
    __Vectors                                0x08000000   Data           4  startup_stm32f429xx.o(RESET)
    __Vectors_End                            0x080001ac   Data           0  startup_stm32f429xx.o(RESET)
    __main                                   0x080001ad   Thumb Code     8  __main.o(!!!main)
    __scatterload                            0x080001b5   Thumb Code     0  __scatter.o(!!!scatter)
    __scatterload_rt2                        0x080001b5   Thumb Code    44  __scatter.o(!!!scatter)
    __scatterload_rt2_thumb_only             0x080001b5   Thumb Code     0  __scatter.o(!!!scatter)
    __scatterload_null                       0x080001c3   Thumb Code     0  __scatter.o(!!!scatter)
    __scatterload_copy                       0x080001e9   Thumb Code    26  __scatter_copy.o(!!handler_copy)
    __scatterload_zeroinit                   0x08000205   Thumb Code    28  __scatter_zi.o(!!handler_zi)
    __rt_lib_init                            0x08000221   Thumb Code     0  libinit.o(.ARM.Collect$$libinit$$00000000)
    __rt_lib_init_fp_1                       0x08000223   Thumb Code     0  libinit2.o(.ARM.Collect$$libinit$$00000001)
    __rt_lib_init_alloca_1                   0x08000227   Thumb Code     0  libinit2.o(.ARM.Collect$$libinit$$0000002E)
    __rt_lib_init_argv_1                     0x08000227   Thumb Code     0  libinit2.o(.ARM.Collect$$libinit$$0000002C)
    __rt_lib_init_atexit_1                   0x08000227   Thumb Code     0  libinit2.o(.ARM.Collect$$libinit$$0000001B)
    __rt_lib_init_clock_1                    0x08000227   Thumb Code     0  libinit2.o(.ARM.Collect$$libinit$$00000021)
    __rt_lib_init_cpp_1                      0x08000227   Thumb Code     0  libinit2.o(.ARM.Collect$$libinit$$00000032)
    __rt_lib_init_exceptions_1               0x08000227   Thumb Code     0  libinit2.o(.ARM.Collect$$libinit$$00000030)
    __rt_lib_init_fp_trap_1                  0x08000227   Thumb Code     0  libinit2.o(.ARM.Collect$$libinit$$0000001F)
    __rt_lib_init_getenv_1                   0x08000227   Thumb Code     0  libinit2.o(.ARM.Collect$$libinit$$00000023)
    __rt_lib_init_heap_1                     0x08000227   Thumb Code     0  libinit2.o(.ARM.Collect$$libinit$$0000000A)
    __rt_lib_init_lc_collate_1               0x08000227   Thumb Code     0  libinit2.o(.ARM.Collect$$libinit$$00000011)
    __rt_lib_init_lc_ctype_1                 0x08000227   Thumb Code     0  libinit2.o(.ARM.Collect$$libinit$$00000013)
    __rt_lib_init_lc_monetary_1              0x08000227   Thumb Code     0  libinit2.o(.ARM.Collect$$libinit$$00000015)
    __rt_lib_init_lc_numeric_1               0x08000227   Thumb Code     0  libinit2.o(.ARM.Collect$$libinit$$00000017)
    __rt_lib_init_lc_time_1                  0x08000227   Thumb Code     0  libinit2.o(.ARM.Collect$$libinit$$00000019)
    __rt_lib_init_preinit_1                  0x08000227   Thumb Code     0  libinit2.o(.ARM.Collect$$libinit$$00000004)
    __rt_lib_init_rand_1                     0x08000227   Thumb Code     0  libinit2.o(.ARM.Collect$$libinit$$0000000E)
    __rt_lib_init_return                     0x08000227   Thumb Code     0  libinit2.o(.ARM.Collect$$libinit$$00000033)
    __rt_lib_init_signal_1                   0x08000227   Thumb Code     0  libinit2.o(.ARM.Collect$$libinit$$0000001D)
    __rt_lib_init_stdio_1                    0x08000227   Thumb Code     0  libinit2.o(.ARM.Collect$$libinit$$00000025)
    __rt_lib_init_user_alloc_1               0x08000227   Thumb Code     0  libinit2.o(.ARM.Collect$$libinit$$0000000C)
    __rt_lib_shutdown                        0x08000229   Thumb Code     0  libshutdown.o(.ARM.Collect$$libshutdown$$00000000)
    __rt_lib_shutdown_cpp_1                  0x0800022b   Thumb Code     0  libshutdown2.o(.ARM.Collect$$libshutdown$$00000002)
    __rt_lib_shutdown_fp_trap_1              0x0800022b   Thumb Code     0  libshutdown2.o(.ARM.Collect$$libshutdown$$00000007)
    __rt_lib_shutdown_heap_1                 0x0800022b   Thumb Code     0  libshutdown2.o(.ARM.Collect$$libshutdown$$0000000F)
    __rt_lib_shutdown_return                 0x0800022b   Thumb Code     0  libshutdown2.o(.ARM.Collect$$libshutdown$$00000010)
    __rt_lib_shutdown_signal_1               0x0800022b   Thumb Code     0  libshutdown2.o(.ARM.Collect$$libshutdown$$0000000A)
    __rt_lib_shutdown_stdio_1                0x0800022b   Thumb Code     0  libshutdown2.o(.ARM.Collect$$libshutdown$$00000004)
    __rt_lib_shutdown_user_alloc_1           0x0800022b   Thumb Code     0  libshutdown2.o(.ARM.Collect$$libshutdown$$0000000C)
    __rt_entry                               0x0800022d   Thumb Code     0  __rtentry.o(.ARM.Collect$$rtentry$$00000000)
    __rt_entry_presh_1                       0x0800022d   Thumb Code     0  __rtentry2.o(.ARM.Collect$$rtentry$$00000002)
    __rt_entry_sh                            0x0800022d   Thumb Code     0  __rtentry4.o(.ARM.Collect$$rtentry$$00000004)
    __rt_entry_li                            0x08000233   Thumb Code     0  __rtentry2.o(.ARM.Collect$$rtentry$$0000000A)
    __rt_entry_postsh_1                      0x08000233   Thumb Code     0  __rtentry2.o(.ARM.Collect$$rtentry$$00000009)
    __rt_entry_main                          0x08000237   Thumb Code     0  __rtentry2.o(.ARM.Collect$$rtentry$$0000000D)
    __rt_entry_postli_1                      0x08000237   Thumb Code     0  __rtentry2.o(.ARM.Collect$$rtentry$$0000000C)
    __rt_exit                                0x0800023f   Thumb Code     0  rtexit.o(.ARM.Collect$$rtexit$$00000000)
    __rt_exit_ls                             0x08000241   Thumb Code     0  rtexit2.o(.ARM.Collect$$rtexit$$00000003)
    __rt_exit_prels_1                        0x08000241   Thumb Code     0  rtexit2.o(.ARM.Collect$$rtexit$$00000002)
    __rt_exit_exit                           0x08000245   Thumb Code     0  rtexit2.o(.ARM.Collect$$rtexit$$00000004)
    Reset_Handler                            0x0800024d   Thumb Code     8  startup_stm32f429xx.o(.text)
    ADC_IRQHandler                           0x08000267   Thumb Code     0  startup_stm32f429xx.o(.text)
    DCMI_IRQHandler                          0x08000267   Thumb Code     0  startup_stm32f429xx.o(.text)
    DMA1_Stream0_IRQHandler                  0x08000267   Thumb Code     0  startup_stm32f429xx.o(.text)
    DMA1_Stream1_IRQHandler                  0x08000267   Thumb Code     0  startup_stm32f429xx.o(.text)
    DMA1_Stream2_IRQHandler                  0x08000267   Thumb Code     0  startup_stm32f429xx.o(.text)
    DMA1_Stream3_IRQHandler                  0x08000267   Thumb Code     0  startup_stm32f429xx.o(.text)
    DMA1_Stream4_IRQHandler                  0x08000267   Thumb Code     0  startup_stm32f429xx.o(.text)
    DMA1_Stream5_IRQHandler                  0x08000267   Thumb Code     0  startup_stm32f429xx.o(.text)
    DMA1_Stream6_IRQHandler                  0x08000267   Thumb Code     0  startup_stm32f429xx.o(.text)
    DMA1_Stream7_IRQHandler                  0x08000267   Thumb Code     0  startup_stm32f429xx.o(.text)
    DMA2D_IRQHandler                         0x08000267   Thumb Code     0  startup_stm32f429xx.o(.text)
    DMA2_Stream0_IRQHandler                  0x08000267   Thumb Code     0  startup_stm32f429xx.o(.text)
    DMA2_Stream1_IRQHandler                  0x08000267   Thumb Code     0  startup_stm32f429xx.o(.text)
    DMA2_Stream2_IRQHandler                  0x08000267   Thumb Code     0  startup_stm32f429xx.o(.text)
    DMA2_Stream3_IRQHandler                  0x08000267   Thumb Code     0  startup_stm32f429xx.o(.text)
    DMA2_Stream4_IRQHandler                  0x08000267   Thumb Code     0  startup_stm32f429xx.o(.text)
    DMA2_Stream5_IRQHandler                  0x08000267   Thumb Code     0  startup_stm32f429xx.o(.text)
    DMA2_Stream6_IRQHandler                  0x08000267   Thumb Code     0  startup_stm32f429xx.o(.text)
    DMA2_Stream7_IRQHandler                  0x08000267   Thumb Code     0  startup_stm32f429xx.o(.text)
    ETH_IRQHandler                           0x08000267   Thumb Code     0  startup_stm32f429xx.o(.text)
    ETH_WKUP_IRQHandler                      0x08000267   Thumb Code     0  startup_stm32f429xx.o(.text)
    EXTI0_IRQHandler                         0x08000267   Thumb Code     0  startup_stm32f429xx.o(.text)
    EXTI15_10_IRQHandler                     0x08000267   Thumb Code     0  startup_stm32f429xx.o(.text)
    EXTI1_IRQHandler                         0x08000267   Thumb Code     0  startup_stm32f429xx.o(.text)
    EXTI2_IRQHandler                         0x08000267   Thumb Code     0  startup_stm32f429xx.o(.text)
    EXTI3_IRQHandler                         0x08000267   Thumb Code     0  startup_stm32f429xx.o(.text)
    EXTI4_IRQHandler                         0x08000267   Thumb Code     0  startup_stm32f429xx.o(.text)
    EXTI9_5_IRQHandler                       0x08000267   Thumb Code     0  startup_stm32f429xx.o(.text)
    FLASH_IRQHandler                         0x08000267   Thumb Code     0  startup_stm32f429xx.o(.text)
    FMC_IRQHandler                           0x08000267   Thumb Code     0  startup_stm32f429xx.o(.text)
    FPU_IRQHandler                           0x08000267   Thumb Code     0  startup_stm32f429xx.o(.text)
    HASH_RNG_IRQHandler                      0x08000267   Thumb Code     0  startup_stm32f429xx.o(.text)
    I2C1_ER_IRQHandler                       0x08000267   Thumb Code     0  startup_stm32f429xx.o(.text)
    I2C1_EV_IRQHandler                       0x08000267   Thumb Code     0  startup_stm32f429xx.o(.text)
    I2C2_ER_IRQHandler                       0x08000267   Thumb Code     0  startup_stm32f429xx.o(.text)
    I2C2_EV_IRQHandler                       0x08000267   Thumb Code     0  startup_stm32f429xx.o(.text)
    I2C3_ER_IRQHandler                       0x08000267   Thumb Code     0  startup_stm32f429xx.o(.text)
    I2C3_EV_IRQHandler                       0x08000267   Thumb Code     0  startup_stm32f429xx.o(.text)
    LTDC_ER_IRQHandler                       0x08000267   Thumb Code     0  startup_stm32f429xx.o(.text)
    LTDC_IRQHandler                          0x08000267   Thumb Code     0  startup_stm32f429xx.o(.text)
    OTG_FS_IRQHandler                        0x08000267   Thumb Code     0  startup_stm32f429xx.o(.text)
    OTG_FS_WKUP_IRQHandler                   0x08000267   Thumb Code     0  startup_stm32f429xx.o(.text)
    OTG_HS_EP1_IN_IRQHandler                 0x08000267   Thumb Code     0  startup_stm32f429xx.o(.text)
    OTG_HS_EP1_OUT_IRQHandler                0x08000267   Thumb Code     0  startup_stm32f429xx.o(.text)
    OTG_HS_IRQHandler                        0x08000267   Thumb Code     0  startup_stm32f429xx.o(.text)
    OTG_HS_WKUP_IRQHandler                   0x08000267   Thumb Code     0  startup_stm32f429xx.o(.text)
    PVD_IRQHandler                           0x08000267   Thumb Code     0  startup_stm32f429xx.o(.text)
    RCC_IRQHandler                           0x08000267   Thumb Code     0  startup_stm32f429xx.o(.text)
    RTC_Alarm_IRQHandler                     0x08000267   Thumb Code     0  startup_stm32f429xx.o(.text)
    RTC_WKUP_IRQHandler                      0x08000267   Thumb Code     0  startup_stm32f429xx.o(.text)
    SAI1_IRQHandler                          0x08000267   Thumb Code     0  startup_stm32f429xx.o(.text)
    SDIO_IRQHandler                          0x08000267   Thumb Code     0  startup_stm32f429xx.o(.text)
    SPI1_IRQHandler                          0x08000267   Thumb Code     0  startup_stm32f429xx.o(.text)
    SPI2_IRQHandler                          0x08000267   Thumb Code     0  startup_stm32f429xx.o(.text)
    SPI3_IRQHandler                          0x08000267   Thumb Code     0  startup_stm32f429xx.o(.text)
    SPI4_IRQHandler                          0x08000267   Thumb Code     0  startup_stm32f429xx.o(.text)
    SPI5_IRQHandler                          0x08000267   Thumb Code     0  startup_stm32f429xx.o(.text)
    SPI6_IRQHandler                          0x08000267   Thumb Code     0  startup_stm32f429xx.o(.text)
    TAMP_STAMP_IRQHandler                    0x08000267   Thumb Code     0  startup_stm32f429xx.o(.text)
    TIM1_BRK_TIM9_IRQHandler                 0x08000267   Thumb Code     0  startup_stm32f429xx.o(.text)
    TIM1_CC_IRQHandler                       0x08000267   Thumb Code     0  startup_stm32f429xx.o(.text)
    TIM1_TRG_COM_TIM11_IRQHandler            0x08000267   Thumb Code     0  startup_stm32f429xx.o(.text)
    TIM1_UP_TIM10_IRQHandler                 0x08000267   Thumb Code     0  startup_stm32f429xx.o(.text)
    TIM2_IRQHandler                          0x08000267   Thumb Code     0  startup_stm32f429xx.o(.text)
    TIM3_IRQHandler                          0x08000267   Thumb Code     0  startup_stm32f429xx.o(.text)
    TIM4_IRQHandler                          0x08000267   Thumb Code     0  startup_stm32f429xx.o(.text)
    TIM5_IRQHandler                          0x08000267   Thumb Code     0  startup_stm32f429xx.o(.text)
    TIM6_DAC_IRQHandler                      0x08000267   Thumb Code     0  startup_stm32f429xx.o(.text)
    TIM7_IRQHandler                          0x08000267   Thumb Code     0  startup_stm32f429xx.o(.text)
    TIM8_BRK_TIM12_IRQHandler                0x08000267   Thumb Code     0  startup_stm32f429xx.o(.text)
    TIM8_CC_IRQHandler                       0x08000267   Thumb Code     0  startup_stm32f429xx.o(.text)
    TIM8_TRG_COM_TIM14_IRQHandler            0x08000267   Thumb Code     0  startup_stm32f429xx.o(.text)
    TIM8_UP_TIM13_IRQHandler                 0x08000267   Thumb Code     0  startup_stm32f429xx.o(.text)
    UART4_IRQHandler                         0x08000267   Thumb Code     0  startup_stm32f429xx.o(.text)
    UART5_IRQHandler                         0x08000267   Thumb Code     0  startup_stm32f429xx.o(.text)
    UART7_IRQHandler                         0x08000267   Thumb Code     0  startup_stm32f429xx.o(.text)
    UART8_IRQHandler                         0x08000267   Thumb Code     0  startup_stm32f429xx.o(.text)
    USART1_IRQHandler                        0x08000267   Thumb Code     0  startup_stm32f429xx.o(.text)
    USART2_IRQHandler                        0x08000267   Thumb Code     0  startup_stm32f429xx.o(.text)
    USART3_IRQHandler                        0x08000267   Thumb Code     0  startup_stm32f429xx.o(.text)
    USART6_IRQHandler                        0x08000267   Thumb Code     0  startup_stm32f429xx.o(.text)
    WWDG_IRQHandler                          0x08000267   Thumb Code     0  startup_stm32f429xx.o(.text)
    __user_initial_stackheap                 0x08000269   Thumb Code     0  startup_stm32f429xx.o(.text)
    __aeabi_memcpy                           0x0800028d   Thumb Code     0  rt_memcpy_v6.o(.text)
    __rt_memcpy                              0x0800028d   Thumb Code   138  rt_memcpy_v6.o(.text)
    _memcpy_lastbytes                        0x080002f3   Thumb Code     0  rt_memcpy_v6.o(.text)
    __use_two_region_memory                  0x08000317   Thumb Code     2  heapauxi.o(.text)
    __rt_heap_escrow$2region                 0x08000319   Thumb Code     2  heapauxi.o(.text)
    __rt_heap_expand$2region                 0x0800031b   Thumb Code     2  heapauxi.o(.text)
    __aeabi_memcpy4                          0x0800031d   Thumb Code     0  rt_memcpy_w.o(.text)
    __aeabi_memcpy8                          0x0800031d   Thumb Code     0  rt_memcpy_w.o(.text)
    __rt_memcpy_w                            0x0800031d   Thumb Code   100  rt_memcpy_w.o(.text)
    _memcpy_lastbytes_aligned                0x08000365   Thumb Code     0  rt_memcpy_w.o(.text)
    __user_setup_stackheap                   0x08000381   Thumb Code    74  sys_stackheap_outer.o(.text)
    exit                                     0x080003cb   Thumb Code    18  exit.o(.text)
    __user_libspace                          0x080003dd   Thumb Code     8  libspace.o(.text)
    __user_perproc_libspace                  0x080003dd   Thumb Code     0  libspace.o(.text)
    __user_perthread_libspace                0x080003dd   Thumb Code     0  libspace.o(.text)
    _sys_exit                                0x080003e5   Thumb Code     8  sys_exit.o(.text)
    __I$use$semihosting                      0x080003f1   Thumb Code     0  use_no_semi.o(.text)
    __use_no_semihosting_swi                 0x080003f1   Thumb Code     2  use_no_semi.o(.text)
    BusFault_Handler                         0x080003f3   Thumb Code     4  stm32f4xx_it.o(i.BusFault_Handler)
    __semihosting_library_function           0x080003f3   Thumb Code     0  indicate_semi.o(.text)
    Buttons_GetState                         0x080003f9   Thumb Code    24  buttons_f429discovery.o(i.Buttons_GetState)
    Buttons_Initialize                       0x08000415   Thumb Code    60  buttons_f429discovery.o(i.Buttons_Initialize)
    CAN1_ObjectGetCapabilities               0x080004d3   Thumb Code    16  can_stm32f4xx.o(i.CAN1_ObjectGetCapabilities)
    CAN1_RX0_IRQHandler                      0x0800050d   Thumb Code   218  can_stm32f4xx.o(i.CAN1_RX0_IRQHandler)
    CAN1_RX1_IRQHandler                      0x080005f9   Thumb Code   218  can_stm32f4xx.o(i.CAN1_RX1_IRQHandler)
    CAN1_SCE_IRQHandler                      0x080006e5   Thumb Code   140  can_stm32f4xx.o(i.CAN1_SCE_IRQHandler)
    CAN1_TX_IRQHandler                       0x0800079d   Thumb Code   264  can_stm32f4xx.o(i.CAN1_TX_IRQHandler)
    CAN2_ObjectGetCapabilities               0x08000939   Thumb Code    16  can_stm32f4xx.o(i.CAN2_ObjectGetCapabilities)
    CAN2_RX0_IRQHandler                      0x08000975   Thumb Code   218  can_stm32f4xx.o(i.CAN2_RX0_IRQHandler)
    CAN2_RX1_IRQHandler                      0x08000a61   Thumb Code   218  can_stm32f4xx.o(i.CAN2_RX1_IRQHandler)
    CAN2_SCE_IRQHandler                      0x08000b4d   Thumb Code   140  can_stm32f4xx.o(i.CAN2_SCE_IRQHandler)
    CAN2_TX_IRQHandler                       0x08000c05   Thumb Code   264  can_stm32f4xx.o(i.CAN2_TX_IRQHandler)
    CAN_GetClock                             0x08000d35   Thumb Code     8  can_stm32f4xx.o(i.CAN_GetClock)
    CAN_SignalObjectEvent1                   0x08000d4d   Thumb Code    68  main.o(i.CAN_SignalObjectEvent1)
    CAN_SignalObjectEvent2                   0x08000da5   Thumb Code    68  main.o(i.CAN_SignalObjectEvent2)
    CAN_SignalUnitEvent1                     0x08000dfd   Thumb Code     2  main.o(i.CAN_SignalUnitEvent1)
    CAN_SignalUnitEvent2                     0x08000dff   Thumb Code     2  main.o(i.CAN_SignalUnitEvent2)
    CANx_ObjectGetCapabilities               0x08001795   Thumb Code    36  can_stm32f4xx.o(i.CANx_ObjectGetCapabilities)
    DebugMon_Handler                         0x08002259   Thumb Code     2  stm32f4xx_it.o(i.DebugMon_Handler)
    HAL_Delay                                0x08002439   Thumb Code    26  stm32f4xx_hal.o(i.HAL_Delay)
    HAL_GPIO_Init                            0x08002455   Thumb Code   486  stm32f4xx_hal_gpio.o(i.HAL_GPIO_Init)
    HAL_GPIO_ReadPin                         0x08002671   Thumb Code    16  stm32f4xx_hal_gpio.o(i.HAL_GPIO_ReadPin)
    HAL_GPIO_WritePin                        0x08002681   Thumb Code    12  stm32f4xx_hal_gpio.o(i.HAL_GPIO_WritePin)
    HAL_GetREVID                             0x0800268d   Thumb Code     8  stm32f4xx_hal.o(i.HAL_GetREVID)
    HAL_GetTick                              0x08002699   Thumb Code     6  stm32f4xx_hal.o(i.HAL_GetTick)
    HAL_IncTick                              0x080026a5   Thumb Code    12  stm32f4xx_hal.o(i.HAL_IncTick)
    HAL_Init                                 0x080026b5   Thumb Code    54  stm32f4xx_hal.o(i.HAL_Init)
    HAL_InitTick                             0x080026f1   Thumb Code    36  stm32f4xx_hal.o(i.HAL_InitTick)
    HAL_MspInit                              0x08002719   Thumb Code    12  stm32f4xx_hal_msp.o(i.HAL_MspInit)
    HAL_NVIC_SetPriority                     0x08002725   Thumb Code   124  stm32f4xx_hal_cortex.o(i.HAL_NVIC_SetPriority)
    HAL_NVIC_SetPriorityGrouping             0x080027a1   Thumb Code    32  stm32f4xx_hal_cortex.o(i.HAL_NVIC_SetPriorityGrouping)
    HAL_RCC_ClockConfig                      0x080027c9   Thumb Code   446  stm32f4xx_hal_rcc.o(i.HAL_RCC_ClockConfig)
    HAL_RCC_GetHCLKFreq                      0x08002999   Thumb Code     6  stm32f4xx_hal_rcc.o(i.HAL_RCC_GetHCLKFreq)
    HAL_RCC_GetPCLK1Freq                     0x080029a5   Thumb Code    36  stm32f4xx_hal_rcc.o(i.HAL_RCC_GetPCLK1Freq)
    HAL_RCC_GetSysClockFreq                  0x080029d1   Thumb Code   168  stm32f4xx_hal_rcc.o(i.HAL_RCC_GetSysClockFreq)
    HAL_RCC_OscConfig                        0x08002a85   Thumb Code   906  stm32f4xx_hal_rcc.o(i.HAL_RCC_OscConfig)
    HAL_SYSTICK_Config                       0x08002e21   Thumb Code    52  stm32f4xx_hal_cortex.o(i.HAL_SYSTICK_Config)
    HardFault_Handler                        0x08002e55   Thumb Code     4  stm32f4xx_it.o(i.HardFault_Handler)
    Init_CAN1                                0x08002e59   Thumb Code   256  main.o(i.Init_CAN1)
    Init_CAN2                                0x08002f79   Thumb Code   256  main.o(i.Init_CAN2)
    LED_Initialize                           0x08003099   Thumb Code    68  led_f429discovery.o(i.LED_Initialize)
    LED_Off                                  0x080030e5   Thumb Code    28  led_f429discovery.o(i.LED_Off)
    LED_On                                   0x08003105   Thumb Code    28  led_f429discovery.o(i.LED_On)
    MemManage_Handler                        0x08003125   Thumb Code     4  stm32f4xx_it.o(i.MemManage_Handler)
    NMI_Handler                              0x08003129   Thumb Code     2  stm32f4xx_it.o(i.NMI_Handler)
    PendSV_Handler                           0x0800312b   Thumb Code     2  stm32f4xx_it.o(i.PendSV_Handler)
    SVC_Handler                              0x0800312d   Thumb Code     2  stm32f4xx_it.o(i.SVC_Handler)
    SysTick_Handler                          0x0800312f   Thumb Code     8  stm32f4xx_it.o(i.SysTick_Handler)
    SystemInit                               0x080031f9   Thumb Code    82  system_stm32f4xx.o(i.SystemInit)
    UsageFault_Handler                       0x0800325d   Thumb Code     4  stm32f4xx_it.o(i.UsageFault_Handler)
    main                                     0x080032ed   Thumb Code   102  main.o(i.main)
    _fp_init                                 0x08003369   Thumb Code    10  fpinit.o(x$fpl$fpinit)
    __fplib_config_fpu_vfp                   0x08003371   Thumb Code     0  fpinit.o(x$fpl$fpinit)
    __fplib_config_pureend_doubles           0x08003371   Thumb Code     0  fpinit.o(x$fpl$fpinit)
    Driver_CAN1                              0x0800339c   Data          60  can_stm32f4xx.o(.constdata)
    Driver_CAN2                              0x080033d8   Data          60  can_stm32f4xx.o(.constdata)
    APBAHBPrescTable                         0x08003414   Data          16  stm32f4xx_hal_rcc.o(.constdata)
    Region$$Table$$Base                      0x08003424   Number         0  anon$$obj.o(Region$$Table)
    Region$$Table$$Limit                     0x08003444   Number         0  anon$$obj.o(Region$$Table)
    rx_obj_idx1                              0x20000000   Data           4  main.o(.data)
    rx_obj_idx2                              0x20000004   Data           4  main.o(.data)
    rx_data                                  0x20000008   Data           8  main.o(.data)
    rx_msg_info                              0x20000010   Data           8  main.o(.data)
    tx_obj_idx1                              0x20000018   Data           4  main.o(.data)
    tx_obj_idx2                              0x2000001c   Data           4  main.o(.data)
    tx_data                                  0x20000020   Data           8  main.o(.data)
    tx_msg_info                              0x20000028   Data           8  main.o(.data)
    uwTick                                   0x20000044   Data           4  stm32f4xx_hal.o(.data)
    SystemCoreClock                          0x20000048   Data           4  system_stm32f4xx.o(.data)
    __libspace_start                         0x20000058   Data          96  libspace.o(.bss)
    __temporary_stack_top$libspace           0x200000b8   Data           0  libspace.o(.bss)



==============================================================================

Memory Map of the image

  Image Entry point : 0x080001ad

  Load Region LR_IROM1 (Base: 0x08000000, Size: 0x00003490, Max: 0x00200000, ABSOLUTE)

    Execution Region ER_IROM1 (Base: 0x08000000, Size: 0x00003444, Max: 0x00200000, ABSOLUTE)

    Base Addr    Size         Type   Attr      Idx    E Section Name        Object

    0x08000000   0x000001ac   Data   RO         1382    RESET               startup_stm32f429xx.o
    0x080001ac   0x00000008   Code   RO         1430  * !!!main             c_w.l(__main.o)
    0x080001b4   0x00000034   Code   RO         1589    !!!scatter          c_w.l(__scatter.o)
    0x080001e8   0x0000001a   Code   RO         1591    !!handler_copy      c_w.l(__scatter_copy.o)
    0x08000202   0x00000002   PAD
    0x08000204   0x0000001c   Code   RO         1593    !!handler_zi        c_w.l(__scatter_zi.o)
    0x08000220   0x00000002   Code   RO         1459    .ARM.Collect$$libinit$$00000000  c_w.l(libinit.o)
    0x08000222   0x00000004   Code   RO         1465    .ARM.Collect$$libinit$$00000001  c_w.l(libinit2.o)
    0x08000226   0x00000000   Code   RO         1468    .ARM.Collect$$libinit$$00000004  c_w.l(libinit2.o)
    0x08000226   0x00000000   Code   RO         1471    .ARM.Collect$$libinit$$0000000A  c_w.l(libinit2.o)
    0x08000226   0x00000000   Code   RO         1473    .ARM.Collect$$libinit$$0000000C  c_w.l(libinit2.o)
    0x08000226   0x00000000   Code   RO         1475    .ARM.Collect$$libinit$$0000000E  c_w.l(libinit2.o)
    0x08000226   0x00000000   Code   RO         1478    .ARM.Collect$$libinit$$00000011  c_w.l(libinit2.o)
    0x08000226   0x00000000   Code   RO         1480    .ARM.Collect$$libinit$$00000013  c_w.l(libinit2.o)
    0x08000226   0x00000000   Code   RO         1482    .ARM.Collect$$libinit$$00000015  c_w.l(libinit2.o)
    0x08000226   0x00000000   Code   RO         1484    .ARM.Collect$$libinit$$00000017  c_w.l(libinit2.o)
    0x08000226   0x00000000   Code   RO         1486    .ARM.Collect$$libinit$$00000019  c_w.l(libinit2.o)
    0x08000226   0x00000000   Code   RO         1488    .ARM.Collect$$libinit$$0000001B  c_w.l(libinit2.o)
    0x08000226   0x00000000   Code   RO         1490    .ARM.Collect$$libinit$$0000001D  c_w.l(libinit2.o)
    0x08000226   0x00000000   Code   RO         1492    .ARM.Collect$$libinit$$0000001F  c_w.l(libinit2.o)
    0x08000226   0x00000000   Code   RO         1494    .ARM.Collect$$libinit$$00000021  c_w.l(libinit2.o)
    0x08000226   0x00000000   Code   RO         1496    .ARM.Collect$$libinit$$00000023  c_w.l(libinit2.o)
    0x08000226   0x00000000   Code   RO         1498    .ARM.Collect$$libinit$$00000025  c_w.l(libinit2.o)
    0x08000226   0x00000000   Code   RO         1502    .ARM.Collect$$libinit$$0000002C  c_w.l(libinit2.o)
    0x08000226   0x00000000   Code   RO         1504    .ARM.Collect$$libinit$$0000002E  c_w.l(libinit2.o)
    0x08000226   0x00000000   Code   RO         1506    .ARM.Collect$$libinit$$00000030  c_w.l(libinit2.o)
    0x08000226   0x00000000   Code   RO         1508    .ARM.Collect$$libinit$$00000032  c_w.l(libinit2.o)
    0x08000226   0x00000002   Code   RO         1509    .ARM.Collect$$libinit$$00000033  c_w.l(libinit2.o)
    0x08000228   0x00000002   Code   RO         1529    .ARM.Collect$$libshutdown$$00000000  c_w.l(libshutdown.o)
    0x0800022a   0x00000000   Code   RO         1542    .ARM.Collect$$libshutdown$$00000002  c_w.l(libshutdown2.o)
    0x0800022a   0x00000000   Code   RO         1544    .ARM.Collect$$libshutdown$$00000004  c_w.l(libshutdown2.o)
    0x0800022a   0x00000000   Code   RO         1547    .ARM.Collect$$libshutdown$$00000007  c_w.l(libshutdown2.o)
    0x0800022a   0x00000000   Code   RO         1550    .ARM.Collect$$libshutdown$$0000000A  c_w.l(libshutdown2.o)
    0x0800022a   0x00000000   Code   RO         1552    .ARM.Collect$$libshutdown$$0000000C  c_w.l(libshutdown2.o)
    0x0800022a   0x00000000   Code   RO         1555    .ARM.Collect$$libshutdown$$0000000F  c_w.l(libshutdown2.o)
    0x0800022a   0x00000002   Code   RO         1556    .ARM.Collect$$libshutdown$$00000010  c_w.l(libshutdown2.o)
    0x0800022c   0x00000000   Code   RO         1432    .ARM.Collect$$rtentry$$00000000  c_w.l(__rtentry.o)
    0x0800022c   0x00000000   Code   RO         1436    .ARM.Collect$$rtentry$$00000002  c_w.l(__rtentry2.o)
    0x0800022c   0x00000006   Code   RO         1448    .ARM.Collect$$rtentry$$00000004  c_w.l(__rtentry4.o)
    0x08000232   0x00000000   Code   RO         1438    .ARM.Collect$$rtentry$$00000009  c_w.l(__rtentry2.o)
    0x08000232   0x00000004   Code   RO         1439    .ARM.Collect$$rtentry$$0000000A  c_w.l(__rtentry2.o)
    0x08000236   0x00000000   Code   RO         1441    .ARM.Collect$$rtentry$$0000000C  c_w.l(__rtentry2.o)
    0x08000236   0x00000008   Code   RO         1442    .ARM.Collect$$rtentry$$0000000D  c_w.l(__rtentry2.o)
    0x0800023e   0x00000002   Code   RO         1463    .ARM.Collect$$rtexit$$00000000  c_w.l(rtexit.o)
    0x08000240   0x00000000   Code   RO         1511    .ARM.Collect$$rtexit$$00000002  c_w.l(rtexit2.o)
    0x08000240   0x00000004   Code   RO         1512    .ARM.Collect$$rtexit$$00000003  c_w.l(rtexit2.o)
    0x08000244   0x00000006   Code   RO         1513    .ARM.Collect$$rtexit$$00000004  c_w.l(rtexit2.o)
    0x0800024a   0x00000002   PAD
    0x0800024c   0x00000040   Code   RO         1383    .text               startup_stm32f429xx.o
    0x0800028c   0x0000008a   Code   RO         1426    .text               c_w.l(rt_memcpy_v6.o)
    0x08000316   0x00000006   Code   RO         1428    .text               c_w.l(heapauxi.o)
    0x0800031c   0x00000064   Code   RO         1433    .text               c_w.l(rt_memcpy_w.o)
    0x08000380   0x0000004a   Code   RO         1450    .text               c_w.l(sys_stackheap_outer.o)
    0x080003ca   0x00000012   Code   RO         1452    .text               c_w.l(exit.o)
    0x080003dc   0x00000008   Code   RO         1460    .text               c_w.l(libspace.o)
    0x080003e4   0x0000000c   Code   RO         1521    .text               c_w.l(sys_exit.o)
    0x080003f0   0x00000002   Code   RO         1532    .text               c_w.l(use_no_semi.o)
    0x080003f2   0x00000000   Code   RO         1534    .text               c_w.l(indicate_semi.o)
    0x080003f2   0x00000004   Code   RO          174    i.BusFault_Handler  stm32f4xx_it.o
    0x080003f6   0x00000002   PAD
    0x080003f8   0x0000001c   Code   RO          280    i.Buttons_GetState  buttons_f429discovery.o
    0x08000414   0x00000044   Code   RO          281    i.Buttons_Initialize  buttons_f429discovery.o
    0x08000458   0x00000012   Code   RO          377    i.CAN1_Control      can_stm32f4xx.o
    0x0800046a   0x0000000c   Code   RO          378    i.CAN1_GetStatus    can_stm32f4xx.o
    0x08000476   0x00000012   Code   RO          379    i.CAN1_Initialize   can_stm32f4xx.o
    0x08000488   0x0000001c   Code   RO          380    i.CAN1_MessageRead  can_stm32f4xx.o
    0x080004a4   0x0000001c   Code   RO          381    i.CAN1_MessageSend  can_stm32f4xx.o
    0x080004c0   0x00000012   Code   RO          382    i.CAN1_ObjectConfigure  can_stm32f4xx.o
    0x080004d2   0x00000010   Code   RO          383    i.CAN1_ObjectGetCapabilities  can_stm32f4xx.o
    0x080004e2   0x0000001c   Code   RO          384    i.CAN1_ObjectSetFilter  can_stm32f4xx.o
    0x080004fe   0x0000000e   Code   RO          385    i.CAN1_PowerControl  can_stm32f4xx.o
    0x0800050c   0x000000ec   Code   RO          386    i.CAN1_RX0_IRQHandler  can_stm32f4xx.o
    0x080005f8   0x000000ec   Code   RO          387    i.CAN1_RX1_IRQHandler  can_stm32f4xx.o
    0x080006e4   0x00000094   Code   RO          388    i.CAN1_SCE_IRQHandler  can_stm32f4xx.o
    0x08000778   0x00000016   Code   RO          389    i.CAN1_SetBitrate   can_stm32f4xx.o
    0x0800078e   0x0000000e   Code   RO          390    i.CAN1_SetMode      can_stm32f4xx.o
    0x0800079c   0x00000118   Code   RO          391    i.CAN1_TX_IRQHandler  can_stm32f4xx.o
    0x080008b4   0x0000000a   Code   RO          392    i.CAN1_Uninitialize  can_stm32f4xx.o
    0x080008be   0x00000012   Code   RO          393    i.CAN2_Control      can_stm32f4xx.o
    0x080008d0   0x0000000c   Code   RO          394    i.CAN2_GetStatus    can_stm32f4xx.o
    0x080008dc   0x00000012   Code   RO          395    i.CAN2_Initialize   can_stm32f4xx.o
    0x080008ee   0x0000001c   Code   RO          396    i.CAN2_MessageRead  can_stm32f4xx.o
    0x0800090a   0x0000001c   Code   RO          397    i.CAN2_MessageSend  can_stm32f4xx.o
    0x08000926   0x00000012   Code   RO          398    i.CAN2_ObjectConfigure  can_stm32f4xx.o
    0x08000938   0x00000010   Code   RO          399    i.CAN2_ObjectGetCapabilities  can_stm32f4xx.o
    0x08000948   0x0000001c   Code   RO          400    i.CAN2_ObjectSetFilter  can_stm32f4xx.o
    0x08000964   0x0000000e   Code   RO          401    i.CAN2_PowerControl  can_stm32f4xx.o
    0x08000972   0x00000002   PAD
    0x08000974   0x000000ec   Code   RO          402    i.CAN2_RX0_IRQHandler  can_stm32f4xx.o
    0x08000a60   0x000000ec   Code   RO          403    i.CAN2_RX1_IRQHandler  can_stm32f4xx.o
    0x08000b4c   0x00000094   Code   RO          404    i.CAN2_SCE_IRQHandler  can_stm32f4xx.o
    0x08000be0   0x00000016   Code   RO          405    i.CAN2_SetBitrate   can_stm32f4xx.o
    0x08000bf6   0x0000000e   Code   RO          406    i.CAN2_SetMode      can_stm32f4xx.o
    0x08000c04   0x00000118   Code   RO          407    i.CAN2_TX_IRQHandler  can_stm32f4xx.o
    0x08000d1c   0x0000000a   Code   RO          408    i.CAN2_Uninitialize  can_stm32f4xx.o
    0x08000d26   0x00000002   PAD
    0x08000d28   0x0000000c   Code   RO          409    i.CAN_GetCapabilities  can_stm32f4xx.o
    0x08000d34   0x00000008   Code   RO          410    i.CAN_GetClock      can_stm32f4xx.o
    0x08000d3c   0x00000010   Code   RO          411    i.CAN_GetVersion    can_stm32f4xx.o
    0x08000d4c   0x00000058   Code   RO            4    i.CAN_SignalObjectEvent1  main.o
    0x08000da4   0x00000058   Code   RO            5    i.CAN_SignalObjectEvent2  main.o
    0x08000dfc   0x00000002   Code   RO            6    i.CAN_SignalUnitEvent1  main.o
    0x08000dfe   0x00000002   Code   RO            7    i.CAN_SignalUnitEvent2  main.o
    0x08000e00   0x00000420   Code   RO          412    i.CANx_AddFilter    can_stm32f4xx.o
    0x08001220   0x000000b0   Code   RO          413    i.CANx_Control      can_stm32f4xx.o
    0x080012d0   0x000000f0   Code   RO          414    i.CANx_GetStatus    can_stm32f4xx.o
    0x080013c0   0x000000d8   Code   RO          415    i.CANx_Initialize   can_stm32f4xx.o
    0x08001498   0x00000120   Code   RO          416    i.CANx_MessageRead  can_stm32f4xx.o
    0x080015b8   0x00000144   Code   RO          417    i.CANx_MessageSend  can_stm32f4xx.o
    0x080016fc   0x00000098   Code   RO          418    i.CANx_ObjectConfigure  can_stm32f4xx.o
    0x08001794   0x0000002c   Code   RO          419    i.CANx_ObjectGetCapabilities  can_stm32f4xx.o
    0x080017c0   0x000000b8   Code   RO          420    i.CANx_ObjectSetFilter  can_stm32f4xx.o
    0x08001878   0x00000334   Code   RO          421    i.CANx_PowerControl  can_stm32f4xx.o
    0x08001bac   0x00000390   Code   RO          422    i.CANx_RemoveFilter  can_stm32f4xx.o
    0x08001f3c   0x00000138   Code   RO          423    i.CANx_SetBitrate   can_stm32f4xx.o
    0x08002074   0x0000015c   Code   RO          424    i.CANx_SetMode      can_stm32f4xx.o
    0x080021d0   0x00000088   Code   RO          425    i.CANx_Uninitialize  can_stm32f4xx.o
    0x08002258   0x00000002   Code   RO          175    i.DebugMon_Handler  stm32f4xx_it.o
    0x0800225a   0x00000002   PAD
    0x0800225c   0x000001d8   Code   RO          426    i.Enable_GPIO_Clock  can_stm32f4xx.o
    0x08002434   0x00000004   Code   RO            8    i.Error_Handler     main.o
    0x08002438   0x0000001a   Code   RO          704    i.HAL_Delay         stm32f4xx_hal.o
    0x08002452   0x00000002   PAD
    0x08002454   0x0000021c   Code   RO          987    i.HAL_GPIO_Init     stm32f4xx_hal_gpio.o
    0x08002670   0x00000010   Code   RO          989    i.HAL_GPIO_ReadPin  stm32f4xx_hal_gpio.o
    0x08002680   0x0000000c   Code   RO          991    i.HAL_GPIO_WritePin  stm32f4xx_hal_gpio.o
    0x0800268c   0x0000000c   Code   RO          711    i.HAL_GetREVID      stm32f4xx_hal.o
    0x08002698   0x0000000c   Code   RO          712    i.HAL_GetTick       stm32f4xx_hal.o
    0x080026a4   0x00000010   Code   RO          713    i.HAL_IncTick       stm32f4xx_hal.o
    0x080026b4   0x0000003c   Code   RO          714    i.HAL_Init          stm32f4xx_hal.o
    0x080026f0   0x00000028   Code   RO          715    i.HAL_InitTick      stm32f4xx_hal.o
    0x08002718   0x0000000c   Code   RO          250    i.HAL_MspInit       stm32f4xx_hal_msp.o
    0x08002724   0x0000007c   Code   RO          865    i.HAL_NVIC_SetPriority  stm32f4xx_hal_cortex.o
    0x080027a0   0x00000028   Code   RO          866    i.HAL_NVIC_SetPriorityGrouping  stm32f4xx_hal_cortex.o
    0x080027c8   0x000001d0   Code   RO         1243    i.HAL_RCC_ClockConfig  stm32f4xx_hal_rcc.o
    0x08002998   0x0000000c   Code   RO         1248    i.HAL_RCC_GetHCLKFreq  stm32f4xx_hal_rcc.o
    0x080029a4   0x0000002c   Code   RO         1250    i.HAL_RCC_GetPCLK1Freq  stm32f4xx_hal_rcc.o
    0x080029d0   0x000000b4   Code   RO         1252    i.HAL_RCC_GetSysClockFreq  stm32f4xx_hal_rcc.o
    0x08002a84   0x0000039c   Code   RO         1255    i.HAL_RCC_OscConfig  stm32f4xx_hal_rcc.o
    0x08002e20   0x00000034   Code   RO          870    i.HAL_SYSTICK_Config  stm32f4xx_hal_cortex.o
    0x08002e54   0x00000004   Code   RO          176    i.HardFault_Handler  stm32f4xx_it.o
    0x08002e58   0x00000120   Code   RO            9    i.Init_CAN1         main.o
    0x08002f78   0x00000120   Code   RO           10    i.Init_CAN2         main.o
    0x08003098   0x0000004c   Code   RO          322    i.LED_Initialize    led_f429discovery.o
    0x080030e4   0x00000020   Code   RO          323    i.LED_Off           led_f429discovery.o
    0x08003104   0x00000020   Code   RO          324    i.LED_On            led_f429discovery.o
    0x08003124   0x00000004   Code   RO          177    i.MemManage_Handler  stm32f4xx_it.o
    0x08003128   0x00000002   Code   RO          178    i.NMI_Handler       stm32f4xx_it.o
    0x0800312a   0x00000002   Code   RO          179    i.PendSV_Handler    stm32f4xx_it.o
    0x0800312c   0x00000002   Code   RO          180    i.SVC_Handler       stm32f4xx_it.o
    0x0800312e   0x00000008   Code   RO          181    i.SysTick_Handler   stm32f4xx_it.o
    0x08003136   0x00000002   PAD
    0x08003138   0x000000c0   Code   RO           11    i.SystemClock_Config  main.o
    0x080031f8   0x00000064   Code   RO         1391    i.SystemInit        system_stm32f4xx.o
    0x0800325c   0x00000004   Code   RO          182    i.UsageFault_Handler  stm32f4xx_it.o
    0x08003260   0x0000001c   Code   RO          427    i.__NVIC_ClearPendingIRQ  can_stm32f4xx.o
    0x0800327c   0x0000001c   Code   RO          428    i.__NVIC_DisableIRQ  can_stm32f4xx.o
    0x08003298   0x0000001a   Code   RO          429    i.__NVIC_EnableIRQ  can_stm32f4xx.o
    0x080032b2   0x00000002   PAD
    0x080032b4   0x00000010   Code   RO          872    i.__NVIC_GetPriorityGrouping  stm32f4xx_hal_cortex.o
    0x080032c4   0x00000028   Code   RO          873    i.__NVIC_SetPriority  stm32f4xx_hal_cortex.o
    0x080032ec   0x0000007c   Code   RO           12    i.main              main.o
    0x08003368   0x0000000a   Code   RO         1519    x$fpl$fpinit        fz_wm.l(fpinit.o)
    0x08003372   0x00000002   PAD
    0x08003374   0x00000010   Data   RO          327    .constdata          led_f429discovery.o
    0x08003384   0x00000090   Data   RO          431    .constdata          can_stm32f4xx.o
    0x08003414   0x00000010   Data   RO         1256    .constdata          stm32f4xx_hal_rcc.o
    0x08003424   0x00000020   Data   RO         1587    Region$$Table       anon$$obj.o


    Execution Region RW_IRAM1 (Base: 0x20000000, Size: 0x000006b8, Max: 0x00030000, ABSOLUTE)

    Base Addr    Size         Type   Attr      Idx    E Section Name        Object

    0x20000000   0x00000030   Data   RW           13    .data               main.o
    0x20000030   0x00000014   Data   RW          432    .data               can_stm32f4xx.o
    0x20000044   0x00000004   Data   RW          720    .data               stm32f4xx_hal.o
    0x20000048   0x00000004   Data   RW         1393    .data               system_stm32f4xx.o
    0x2000004c   0x0000000a   Zero   RW          430    .bss                can_stm32f4xx.o
    0x20000056   0x00000002   PAD
    0x20000058   0x00000060   Zero   RW         1461    .bss                c_w.l(libspace.o)
    0x200000b8   0x00000200   Zero   RW         1381    HEAP                startup_stm32f429xx.o
    0x200002b8   0x00000400   Zero   RW         1380    STACK               startup_stm32f429xx.o


==============================================================================

Image component sizes


      Code (inc. data)   RO Data    RW Data    ZI Data      Debug   Object Name

        96         12          0          0          0       2072   buttons_f429discovery.o
      8050        376        144         20         10      71453   can_stm32f4xx.o
       140         16         16          0          0       2940   led_f429discovery.o
      1076        140          0         48          0     305147   main.o
        64         26        428          0       1536        860   startup_stm32f429xx.o
       166         24          0          4          0       5054   stm32f4xx_hal.o
       272         22          0          0          0      33450   stm32f4xx_hal_cortex.o
       568         54          0          0          0       3303   stm32f4xx_hal_gpio.o
        12          0          0          0          0        466   stm32f4xx_hal_msp.o
      1624         62         16          0          0       5392   stm32f4xx_hal_rcc.o
        32          0          0          0          0       3958   stm32f4xx_it.o
       100         18          0          4          0       1285   system_stm32f4xx.o

    ----------------------------------------------------------------------
     12214        750        636         76       1548     435380   Object Totals
         0          0         32          0          0          0   (incl. Generated)
        14          0          0          0          2          0   (incl. Padding)

    ----------------------------------------------------------------------

      Code (inc. data)   RO Data    RW Data    ZI Data      Debug   Library Member Name

         8          0          0          0          0         68   __main.o
         0          0          0          0          0          0   __rtentry.o
        12          0          0          0          0          0   __rtentry2.o
         6          0          0          0          0          0   __rtentry4.o
        52          8          0          0          0          0   __scatter.o
        26          0          0          0          0          0   __scatter_copy.o
        28          0          0          0          0          0   __scatter_zi.o
        18          0          0          0          0         80   exit.o
         6          0          0          0          0        152   heapauxi.o
         0          0          0          0          0          0   indicate_semi.o
         2          0          0          0          0          0   libinit.o
         6          0          0          0          0          0   libinit2.o
         2          0          0          0          0          0   libshutdown.o
         2          0          0          0          0          0   libshutdown2.o
         8          4          0          0         96         68   libspace.o
       138          0          0          0          0         68   rt_memcpy_v6.o
       100          0          0          0          0         80   rt_memcpy_w.o
         2          0          0          0          0          0   rtexit.o
        10          0          0          0          0          0   rtexit2.o
        12          4          0          0          0         68   sys_exit.o
        74          0          0          0          0         80   sys_stackheap_outer.o
         2          0          0          0          0         68   use_no_semi.o
        10          0          0          0          0        116   fpinit.o

    ----------------------------------------------------------------------
       530         16          0          0         96        848   Library Totals
         6          0          0          0          0          0   (incl. Padding)

    ----------------------------------------------------------------------

      Code (inc. data)   RO Data    RW Data    ZI Data      Debug   Library Name

       514         16          0          0         96        732   c_w.l
        10          0          0          0          0        116   fz_wm.l

    ----------------------------------------------------------------------
       530         16          0          0         96        848   Library Totals

    ----------------------------------------------------------------------

==============================================================================


      Code (inc. data)   RO Data    RW Data    ZI Data      Debug   

     12744        766        636         76       1644     426868   Grand Totals
     12744        766        636         76       1644     426868   ELF Image Totals
     12744        766        636         76          0          0   ROM Totals

==============================================================================

    Total RO  Size (Code + RO Data)                13380 (  13.07kB)
    Total RW  Size (RW Data + ZI Data)              1720 (   1.68kB)
    Total ROM Size (Code + RO Data + RW Data)      13456 (  13.14kB)

==============================================================================

